Product: MDK-ARM Standard 5.10
Component: ARM Compiler 5.04 update 1 (build 49)
Tool: armlink [5040049]

==============================================================================

Section Cross References

    key.o(.text) refers to stm32f4xx_hal_gpio.o(.text) for HAL_GPIO_ReadPin
    key.o(.text) refers to stm32f4xx_hal.o(.text) for HAL_Delay
    key.o(.text) refers to key.o(.data) for key_up
    main.o(.text) refers to dfixui.o(.text) for __aeabi_d2uiz
    main.o(.text) refers to lcd.o(.text) for LCD_Draw_Circle
    main.o(.text) refers to dadd.o(.text) for __aeabi_dadd
    main.o(.text) refers to cdcmple.o(.text) for __aeabi_cdcmple
    main.o(.text) refers to cdrcmple.o(.text) for __aeabi_cdrcmple
    main.o(.text) refers to lcd.o(.data) for POINT_COLOR
    main.o(.text) refers to main.o(.data) for lastBall_Y
    main.o(.text) refers to stm32f4xx_hal_tim.o(.text) for HAL_TIM_Base_Init
    main.o(.text) refers to stm32f4xx_hal_tim_ex.o(.text) for HAL_TIMEx_MasterConfigSynchronization
    main.o(.text) refers to stm32f4xx_hal_sram.o(.text) for HAL_SRAM_Init
    main.o(.text) refers to stm32f4xx_hal_msp.o(.text) for HAL_TIM_MspPostInit
    main.o(.text) refers to stm32f4xx_hal_gpio.o(.text) for HAL_GPIO_WritePin
    main.o(.text) refers to main.o(.bss) for htim3
    main.o(.text) refers to stm32f4xx_hal_rcc.o(.text) for HAL_RCC_OscConfig
    main.o(.text) refers to stm32f4xx_hal_cortex.o(.text) for HAL_SYSTICK_Config
    main.o(.text) refers to stm32f4xx_hal.o(.text) for HAL_Init
    main.o(.text) refers to key.o(.text) for KEY_Scan
    stm32f4xx_it.o(.text) refers to stm32f4xx_hal.o(.text) for HAL_IncTick
    stm32f4xx_it.o(.text) refers to stm32f4xx_hal_cortex.o(.text) for HAL_SYSTICK_IRQHandler
    stm32f4xx_it.o(.text) refers to stm32f4xx_hal_tim.o(.text) for HAL_TIM_IRQHandler
    stm32f4xx_it.o(.text) refers to stm32f4xx_hal_gpio.o(.text) for HAL_GPIO_TogglePin
    stm32f4xx_it.o(.text) refers to main.o(.text) for MOVE
    stm32f4xx_it.o(.text) refers to main.o(.bss) for htim2
    stm32f4xx_it.o(.text) refers to main.o(.data) for DelayDatIt
    stm32f4xx_it.o(.text) refers to stm32f4xx_it.o(.data) for move_flag
    stm32f4xx_it.o(.text) refers to key.o(.data) for keyInterval
    stm32f4xx_hal_msp.o(.text) refers to stm32f4xx_hal_cortex.o(.text) for HAL_NVIC_SetPriorityGrouping
    stm32f4xx_hal_msp.o(.text) refers to stm32f4xx_hal_gpio.o(.text) for HAL_GPIO_Init
    stm32f4xx_hal_msp.o(.text) refers to stm32f4xx_hal_msp.o(.data) for FSMC_Initialized
    lcd.o(.text) refers to main.o(.text) for delay_us
    lcd.o(.text) refers to lcd.o(.bss) for lcddev
    lcd.o(.text) refers to lcd.o(.data) for POINT_COLOR
    lcd.o(.text) refers to dfltui.o(.text) for __aeabi_ui2d
    lcd.o(.text) refers to dmul.o(.text) for __aeabi_dmul
    lcd.o(.text) refers to dfixui.o(.text) for __aeabi_d2uiz
    lcd.o(.text) refers to stm32f4xx_hal.o(.text) for HAL_Delay
    lcd.o(.text) refers to lcd.o(.constdata) for asc2_1206
    stm32f4xx_ll_fsmc.o(.text) refers to stm32f4xx_hal.o(.text) for HAL_GetTick
    stm32f4xx_hal_sram.o(.text) refers to stm32f4xx_hal_msp.o(.text) for HAL_SRAM_MspInit
    stm32f4xx_hal_sram.o(.text) refers to stm32f4xx_ll_fsmc.o(.text) for FSMC_NORSRAM_Init
    stm32f4xx_hal_sram.o(.text) refers to stm32f4xx_hal_dma.o(.text) for HAL_DMA_Start_IT
    stm32f4xx_hal_tim.o(.text) refers to stm32f4xx_hal_msp.o(.text) for HAL_TIM_Base_MspInit
    stm32f4xx_hal_tim.o(.text) refers to stm32f4xx_hal_dma.o(.text) for HAL_DMA_Start_IT
    stm32f4xx_hal_tim.o(.text) refers to stm32f4xx_hal_tim_ex.o(.text) for HAL_TIMEx_BreakCallback
    stm32f4xx_hal_tim_ex.o(.text) refers to stm32f4xx_hal_tim.o(.text) for TIM_Base_SetConfig
    stm32f4xx_hal_tim_ex.o(.text) refers to stm32f4xx_hal_dma.o(.text) for HAL_DMA_Start_IT
    stm32f4xx_hal_rcc.o(.text) refers to stm32f4xx_hal.o(.text) for HAL_GetTick
    stm32f4xx_hal_rcc.o(.text) refers to uldiv.o(.text) for __aeabi_uldivmod
    stm32f4xx_hal_rcc.o(.text) refers to stm32f4xx_hal_gpio.o(.text) for HAL_GPIO_Init
    stm32f4xx_hal_rcc.o(.text) refers to system_stm32f4xx.o(.constdata) for AHBPrescTable
    stm32f4xx_hal_rcc.o(.text) refers to system_stm32f4xx.o(.data) for SystemCoreClock
    stm32f4xx_hal_rcc_ex.o(.text) refers to stm32f4xx_hal.o(.text) for HAL_GetTick
    stm32f4xx_hal_rcc_ex.o(.text) refers to system_stm32f4xx.o(.data) for SystemCoreClock
    stm32f4xx_hal_flash.o(.text) refers to stm32f4xx_hal.o(.text) for HAL_GetTick
    stm32f4xx_hal_flash.o(.text) refers to stm32f4xx_hal_flash_ex.o(.text) for FLASH_Erase_Sector
    stm32f4xx_hal_flash.o(.text) refers to stm32f4xx_hal_flash.o(.bss) for pFlash
    stm32f4xx_hal_flash_ex.o(.text) refers to stm32f4xx_hal_flash.o(.text) for FLASH_WaitForLastOperation
    stm32f4xx_hal_flash_ex.o(.text) refers to stm32f4xx_hal_flash.o(.bss) for pFlash
    stm32f4xx_hal_dma.o(.text) refers to stm32f4xx_hal.o(.text) for HAL_GetTick
    stm32f4xx_hal_dma.o(.text) refers to stm32f4xx_hal_dma.o(.constdata) for flagBitshiftOffset
    stm32f4xx_hal_dma.o(.text) refers to system_stm32f4xx.o(.data) for SystemCoreClock
    stm32f4xx_hal_pwr_ex.o(.text) refers to stm32f4xx_hal.o(.text) for HAL_GetTick
    stm32f4xx_hal.o(.text) refers to stm32f4xx_hal_cortex.o(.text) for HAL_SYSTICK_Config
    stm32f4xx_hal.o(.text) refers to stm32f4xx_hal_msp.o(.text) for HAL_MspInit
    stm32f4xx_hal.o(.text) refers to stm32f4xx_hal.o(.data) for uwTickFreq
    stm32f4xx_hal.o(.text) refers to system_stm32f4xx.o(.data) for SystemCoreClock
    startup_stm32f407xx.o(RESET) refers to startup_stm32f407xx.o(STACK) for __initial_sp
    startup_stm32f407xx.o(RESET) refers to startup_stm32f407xx.o(.text) for Reset_Handler
    startup_stm32f407xx.o(RESET) refers to stm32f4xx_it.o(.text) for NMI_Handler
    startup_stm32f407xx.o(.text) refers to system_stm32f4xx.o(.text) for SystemInit
    startup_stm32f407xx.o(.text) refers to entry.o(.ARM.Collect$$$$00000000) for __main
    system_stm32f4xx.o(.text) refers to system_stm32f4xx.o(.data) for SystemCoreClock
    system_stm32f4xx.o(.text) refers to system_stm32f4xx.o(.constdata) for AHBPrescTable
    entry.o(.ARM.Collect$$$$00000000) refers (Special) to entry10a.o(.ARM.Collect$$$$0000000D) for __rt_final_cpp
    entry.o(.ARM.Collect$$$$00000000) refers (Special) to entry11a.o(.ARM.Collect$$$$0000000F) for __rt_final_exit
    entry.o(.ARM.Collect$$$$00000000) refers (Special) to entry7b.o(.ARM.Collect$$$$00000008) for _main_clock
    entry.o(.ARM.Collect$$$$00000000) refers (Special) to entry8b.o(.ARM.Collect$$$$0000000A) for _main_cpp_init
    entry.o(.ARM.Collect$$$$00000000) refers (Special) to entry9a.o(.ARM.Collect$$$$0000000B) for _main_init
    entry.o(.ARM.Collect$$$$00000000) refers (Special) to entry5.o(.ARM.Collect$$$$00000004) for _main_scatterload
    entry.o(.ARM.Collect$$$$00000000) refers (Special) to entry2.o(.ARM.Collect$$$$00000001) for _main_stk
    uldiv.o(.text) refers to llushr.o(.text) for __aeabi_llsr
    uldiv.o(.text) refers to llshl.o(.text) for __aeabi_llsl
    dadd.o(.text) refers (Special) to iusefp.o(.text) for __I$use$fp
    dadd.o(.text) refers to llshl.o(.text) for __aeabi_llsl
    dadd.o(.text) refers to llsshr.o(.text) for __aeabi_lasr
    dadd.o(.text) refers to depilogue.o(.text) for _double_epilogue
    dmul.o(.text) refers (Special) to iusefp.o(.text) for __I$use$fp
    dmul.o(.text) refers to depilogue.o(.text) for _double_epilogue
    dfltui.o(.text) refers (Special) to iusefp.o(.text) for __I$use$fp
    dfltui.o(.text) refers to depilogue.o(.text) for _double_epilogue
    dfixui.o(.text) refers (Special) to iusefp.o(.text) for __I$use$fp
    dfixui.o(.text) refers to llushr.o(.text) for __aeabi_llsr
    cdcmple.o(.text) refers (Special) to iusefp.o(.text) for __I$use$fp
    cdrcmple.o(.text) refers (Special) to iusefp.o(.text) for __I$use$fp
    entry2.o(.ARM.Collect$$$$00000001) refers to entry2.o(.ARM.Collect$$$$00002712) for __lit__00000000
    entry2.o(.ARM.Collect$$$$00002712) refers to startup_stm32f407xx.o(STACK) for __initial_sp
    entry2.o(__vectab_stack_and_reset_area) refers to startup_stm32f407xx.o(STACK) for __initial_sp
    entry2.o(__vectab_stack_and_reset_area) refers to entry.o(.ARM.Collect$$$$00000000) for __main
    entry5.o(.ARM.Collect$$$$00000004) refers to init.o(.text) for __scatterload
    entry9a.o(.ARM.Collect$$$$0000000B) refers to main.o(.text) for main
    entry9b.o(.ARM.Collect$$$$0000000C) refers to main.o(.text) for main
    depilogue.o(.text) refers to llshl.o(.text) for __aeabi_llsl
    depilogue.o(.text) refers to llushr.o(.text) for __aeabi_llsr
    init.o(.text) refers to entry5.o(.ARM.Collect$$$$00000004) for __main_after_scatterload


==============================================================================

Removing Unused input sections from the image.

    Removing key.o(.rev16_text), (4 bytes).
    Removing key.o(.revsh_text), (4 bytes).
    Removing key.o(.rrx_text), (6 bytes).
    Removing main.o(.rev16_text), (4 bytes).
    Removing main.o(.revsh_text), (4 bytes).
    Removing main.o(.rrx_text), (6 bytes).
    Removing stm32f4xx_it.o(.rev16_text), (4 bytes).
    Removing stm32f4xx_it.o(.revsh_text), (4 bytes).
    Removing stm32f4xx_it.o(.rrx_text), (6 bytes).
    Removing stm32f4xx_hal_msp.o(.rev16_text), (4 bytes).
    Removing stm32f4xx_hal_msp.o(.revsh_text), (4 bytes).
    Removing stm32f4xx_hal_msp.o(.rrx_text), (6 bytes).
    Removing lcd.o(.rev16_text), (4 bytes).
    Removing lcd.o(.revsh_text), (4 bytes).
    Removing lcd.o(.rrx_text), (6 bytes).
    Removing stm32f4xx_ll_fsmc.o(.rev16_text), (4 bytes).
    Removing stm32f4xx_ll_fsmc.o(.revsh_text), (4 bytes).
    Removing stm32f4xx_ll_fsmc.o(.rrx_text), (6 bytes).
    Removing stm32f4xx_hal_sram.o(.rev16_text), (4 bytes).
    Removing stm32f4xx_hal_sram.o(.revsh_text), (4 bytes).
    Removing stm32f4xx_hal_sram.o(.rrx_text), (6 bytes).
    Removing stm32f4xx_hal_tim.o(.rev16_text), (4 bytes).
    Removing stm32f4xx_hal_tim.o(.revsh_text), (4 bytes).
    Removing stm32f4xx_hal_tim.o(.rrx_text), (6 bytes).
    Removing stm32f4xx_hal_tim_ex.o(.rev16_text), (4 bytes).
    Removing stm32f4xx_hal_tim_ex.o(.revsh_text), (4 bytes).
    Removing stm32f4xx_hal_tim_ex.o(.rrx_text), (6 bytes).
    Removing stm32f4xx_hal_rcc.o(.rev16_text), (4 bytes).
    Removing stm32f4xx_hal_rcc.o(.revsh_text), (4 bytes).
    Removing stm32f4xx_hal_rcc.o(.rrx_text), (6 bytes).
    Removing stm32f4xx_hal_rcc_ex.o(.rev16_text), (4 bytes).
    Removing stm32f4xx_hal_rcc_ex.o(.revsh_text), (4 bytes).
    Removing stm32f4xx_hal_rcc_ex.o(.rrx_text), (6 bytes).
    Removing stm32f4xx_hal_rcc_ex.o(.text), (1140 bytes).
    Removing stm32f4xx_hal_flash.o(.rev16_text), (4 bytes).
    Removing stm32f4xx_hal_flash.o(.revsh_text), (4 bytes).
    Removing stm32f4xx_hal_flash.o(.rrx_text), (6 bytes).
    Removing stm32f4xx_hal_flash.o(.text), (1108 bytes).
    Removing stm32f4xx_hal_flash.o(.bss), (32 bytes).
    Removing stm32f4xx_hal_flash_ex.o(.rev16_text), (4 bytes).
    Removing stm32f4xx_hal_flash_ex.o(.revsh_text), (4 bytes).
    Removing stm32f4xx_hal_flash_ex.o(.rrx_text), (6 bytes).
    Removing stm32f4xx_hal_flash_ex.o(.text), (988 bytes).
    Removing stm32f4xx_hal_flash_ramfunc.o(.rev16_text), (4 bytes).
    Removing stm32f4xx_hal_flash_ramfunc.o(.revsh_text), (4 bytes).
    Removing stm32f4xx_hal_flash_ramfunc.o(.rrx_text), (6 bytes).
    Removing stm32f4xx_hal_gpio.o(.rev16_text), (4 bytes).
    Removing stm32f4xx_hal_gpio.o(.revsh_text), (4 bytes).
    Removing stm32f4xx_hal_gpio.o(.rrx_text), (6 bytes).
    Removing stm32f4xx_hal_dma_ex.o(.rev16_text), (4 bytes).
    Removing stm32f4xx_hal_dma_ex.o(.revsh_text), (4 bytes).
    Removing stm32f4xx_hal_dma_ex.o(.rrx_text), (6 bytes).
    Removing stm32f4xx_hal_dma_ex.o(.text), (4232 bytes).
    Removing stm32f4xx_hal_dma.o(.rev16_text), (4 bytes).
    Removing stm32f4xx_hal_dma.o(.revsh_text), (4 bytes).
    Removing stm32f4xx_hal_dma.o(.rrx_text), (6 bytes).
    Removing stm32f4xx_hal_pwr.o(.rev16_text), (4 bytes).
    Removing stm32f4xx_hal_pwr.o(.revsh_text), (4 bytes).
    Removing stm32f4xx_hal_pwr.o(.rrx_text), (6 bytes).
    Removing stm32f4xx_hal_pwr.o(.text), (476 bytes).
    Removing stm32f4xx_hal_pwr_ex.o(.rev16_text), (4 bytes).
    Removing stm32f4xx_hal_pwr_ex.o(.revsh_text), (4 bytes).
    Removing stm32f4xx_hal_pwr_ex.o(.rrx_text), (6 bytes).
    Removing stm32f4xx_hal_pwr_ex.o(.text), (256 bytes).
    Removing stm32f4xx_hal_cortex.o(.rev16_text), (4 bytes).
    Removing stm32f4xx_hal_cortex.o(.revsh_text), (4 bytes).
    Removing stm32f4xx_hal_cortex.o(.rrx_text), (6 bytes).
    Removing stm32f4xx_hal.o(.rev16_text), (4 bytes).
    Removing stm32f4xx_hal.o(.revsh_text), (4 bytes).
    Removing stm32f4xx_hal.o(.rrx_text), (6 bytes).
    Removing startup_stm32f407xx.o(HEAP), (512 bytes).
    Removing system_stm32f4xx.o(.rev16_text), (4 bytes).
    Removing system_stm32f4xx.o(.revsh_text), (4 bytes).
    Removing system_stm32f4xx.o(.rrx_text), (6 bytes).

74 unused section(s) (total 9052 bytes) removed from the image.

==============================================================================

Image Symbol Table

    Local Symbols

    Symbol Name                              Value     Ov Type        Size  Object(Section)

    ..//Src/system_stm32f4xx.c               0x00000000   Number         0  system_stm32f4xx.o ABSOLUTE
    ../Drivers/STM32F4xx_HAL_Driver/Src/stm32f4xx_hal.c 0x00000000   Number         0  stm32f4xx_hal.o ABSOLUTE
    ../Drivers/STM32F4xx_HAL_Driver/Src/stm32f4xx_hal_cortex.c 0x00000000   Number         0  stm32f4xx_hal_cortex.o ABSOLUTE
    ../Drivers/STM32F4xx_HAL_Driver/Src/stm32f4xx_hal_dma.c 0x00000000   Number         0  stm32f4xx_hal_dma.o ABSOLUTE
    ../Drivers/STM32F4xx_HAL_Driver/Src/stm32f4xx_hal_dma_ex.c 0x00000000   Number         0  stm32f4xx_hal_dma_ex.o ABSOLUTE
    ../Drivers/STM32F4xx_HAL_Driver/Src/stm32f4xx_hal_flash.c 0x00000000   Number         0  stm32f4xx_hal_flash.o ABSOLUTE
    ../Drivers/STM32F4xx_HAL_Driver/Src/stm32f4xx_hal_flash_ex.c 0x00000000   Number         0  stm32f4xx_hal_flash_ex.o ABSOLUTE
    ../Drivers/STM32F4xx_HAL_Driver/Src/stm32f4xx_hal_flash_ramfunc.c 0x00000000   Number         0  stm32f4xx_hal_flash_ramfunc.o ABSOLUTE
    ../Drivers/STM32F4xx_HAL_Driver/Src/stm32f4xx_hal_gpio.c 0x00000000   Number         0  stm32f4xx_hal_gpio.o ABSOLUTE
    ../Drivers/STM32F4xx_HAL_Driver/Src/stm32f4xx_hal_pwr.c 0x00000000   Number         0  stm32f4xx_hal_pwr.o ABSOLUTE
    ../Drivers/STM32F4xx_HAL_Driver/Src/stm32f4xx_hal_pwr_ex.c 0x00000000   Number         0  stm32f4xx_hal_pwr_ex.o ABSOLUTE
    ../Drivers/STM32F4xx_HAL_Driver/Src/stm32f4xx_hal_rcc.c 0x00000000   Number         0  stm32f4xx_hal_rcc.o ABSOLUTE
    ../Drivers/STM32F4xx_HAL_Driver/Src/stm32f4xx_hal_rcc_ex.c 0x00000000   Number         0  stm32f4xx_hal_rcc_ex.o ABSOLUTE
    ../Drivers/STM32F4xx_HAL_Driver/Src/stm32f4xx_hal_sram.c 0x00000000   Number         0  stm32f4xx_hal_sram.o ABSOLUTE
    ../Drivers/STM32F4xx_HAL_Driver/Src/stm32f4xx_hal_tim.c 0x00000000   Number         0  stm32f4xx_hal_tim.o ABSOLUTE
    ../Drivers/STM32F4xx_HAL_Driver/Src/stm32f4xx_hal_tim_ex.c 0x00000000   Number         0  stm32f4xx_hal_tim_ex.o ABSOLUTE
    ../Drivers/STM32F4xx_HAL_Driver/Src/stm32f4xx_ll_fsmc.c 0x00000000   Number         0  stm32f4xx_ll_fsmc.o ABSOLUTE
    ../Src/main.c                            0x00000000   Number         0  main.o ABSOLUTE
    ../Src/stm32f4xx_hal_msp.c               0x00000000   Number         0  stm32f4xx_hal_msp.o ABSOLUTE
    ../Src/stm32f4xx_it.c                    0x00000000   Number         0  stm32f4xx_it.o ABSOLUTE
    ../clib/microlib/division.c              0x00000000   Number         0  uldiv.o ABSOLUTE
    ../clib/microlib/init/entry.s            0x00000000   Number         0  entry10a.o ABSOLUTE
    ../clib/microlib/init/entry.s            0x00000000   Number         0  entry7b.o ABSOLUTE
    ../clib/microlib/init/entry.s            0x00000000   Number         0  entry11b.o ABSOLUTE
    ../clib/microlib/init/entry.s            0x00000000   Number         0  entry11a.o ABSOLUTE
    ../clib/microlib/init/entry.s            0x00000000   Number         0  entry10b.o ABSOLUTE
    ../clib/microlib/init/entry.s            0x00000000   Number         0  entry7a.o ABSOLUTE
    ../clib/microlib/init/entry.s            0x00000000   Number         0  entry5.o ABSOLUTE
    ../clib/microlib/init/entry.s            0x00000000   Number         0  entry2.o ABSOLUTE
    ../clib/microlib/init/entry.s            0x00000000   Number         0  entry.o ABSOLUTE
    ../clib/microlib/init/entry.s            0x00000000   Number         0  entry8a.o ABSOLUTE
    ../clib/microlib/init/entry.s            0x00000000   Number         0  entry8b.o ABSOLUTE
    ../clib/microlib/init/entry.s            0x00000000   Number         0  entry9a.o ABSOLUTE
    ../clib/microlib/init/entry.s            0x00000000   Number         0  entry9b.o ABSOLUTE
    ../clib/microlib/longlong.c              0x00000000   Number         0  llsshr.o ABSOLUTE
    ../clib/microlib/longlong.c              0x00000000   Number         0  llushr.o ABSOLUTE
    ../clib/microlib/longlong.c              0x00000000   Number         0  llshl.o ABSOLUTE
    ../clib/microlib/stubs.s                 0x00000000   Number         0  iusefp.o ABSOLUTE
    ../fplib/microlib/fpadd.c                0x00000000   Number         0  dadd.o ABSOLUTE
    ../fplib/microlib/fpepilogue.c           0x00000000   Number         0  depilogue.o ABSOLUTE
    ../fplib/microlib/fpfix.c                0x00000000   Number         0  dfixui.o ABSOLUTE
    ../fplib/microlib/fpflt.c                0x00000000   Number         0  dfltui.o ABSOLUTE
    ../fplib/microlib/fpmul.c                0x00000000   Number         0  dmul.o ABSOLUTE
    ..\Drivers\STM32F4xx_HAL_Driver\Src\stm32f4xx_hal.c 0x00000000   Number         0  stm32f4xx_hal.o ABSOLUTE
    ..\Drivers\STM32F4xx_HAL_Driver\Src\stm32f4xx_hal_cortex.c 0x00000000   Number         0  stm32f4xx_hal_cortex.o ABSOLUTE
    ..\Drivers\STM32F4xx_HAL_Driver\Src\stm32f4xx_hal_dma.c 0x00000000   Number         0  stm32f4xx_hal_dma.o ABSOLUTE
    ..\Drivers\STM32F4xx_HAL_Driver\Src\stm32f4xx_hal_dma_ex.c 0x00000000   Number         0  stm32f4xx_hal_dma_ex.o ABSOLUTE
    ..\Drivers\STM32F4xx_HAL_Driver\Src\stm32f4xx_hal_flash.c 0x00000000   Number         0  stm32f4xx_hal_flash.o ABSOLUTE
    ..\Drivers\STM32F4xx_HAL_Driver\Src\stm32f4xx_hal_flash_ex.c 0x00000000   Number         0  stm32f4xx_hal_flash_ex.o ABSOLUTE
    ..\Drivers\STM32F4xx_HAL_Driver\Src\stm32f4xx_hal_flash_ramfunc.c 0x00000000   Number         0  stm32f4xx_hal_flash_ramfunc.o ABSOLUTE
    ..\Drivers\STM32F4xx_HAL_Driver\Src\stm32f4xx_hal_gpio.c 0x00000000   Number         0  stm32f4xx_hal_gpio.o ABSOLUTE
    ..\Drivers\STM32F4xx_HAL_Driver\Src\stm32f4xx_hal_pwr.c 0x00000000   Number         0  stm32f4xx_hal_pwr.o ABSOLUTE
    ..\Drivers\STM32F4xx_HAL_Driver\Src\stm32f4xx_hal_pwr_ex.c 0x00000000   Number         0  stm32f4xx_hal_pwr_ex.o ABSOLUTE
    ..\Drivers\STM32F4xx_HAL_Driver\Src\stm32f4xx_hal_rcc.c 0x00000000   Number         0  stm32f4xx_hal_rcc.o ABSOLUTE
    ..\Drivers\STM32F4xx_HAL_Driver\Src\stm32f4xx_hal_rcc_ex.c 0x00000000   Number         0  stm32f4xx_hal_rcc_ex.o ABSOLUTE
    ..\Drivers\STM32F4xx_HAL_Driver\Src\stm32f4xx_hal_sram.c 0x00000000   Number         0  stm32f4xx_hal_sram.o ABSOLUTE
    ..\Drivers\STM32F4xx_HAL_Driver\Src\stm32f4xx_hal_tim.c 0x00000000   Number         0  stm32f4xx_hal_tim.o ABSOLUTE
    ..\Drivers\STM32F4xx_HAL_Driver\Src\stm32f4xx_hal_tim_ex.c 0x00000000   Number         0  stm32f4xx_hal_tim_ex.o ABSOLUTE
    ..\Drivers\STM32F4xx_HAL_Driver\Src\stm32f4xx_ll_fsmc.c 0x00000000   Number         0  stm32f4xx_ll_fsmc.o ABSOLUTE
    ..\Src\KEY\key.c                         0x00000000   Number         0  key.o ABSOLUTE
    ..\Src\LCD\lcd.c                         0x00000000   Number         0  lcd.o ABSOLUTE
    ..\Src\main.c                            0x00000000   Number         0  main.o ABSOLUTE
    ..\Src\stm32f4xx_hal_msp.c               0x00000000   Number         0  stm32f4xx_hal_msp.o ABSOLUTE
    ..\Src\stm32f4xx_it.c                    0x00000000   Number         0  stm32f4xx_it.o ABSOLUTE
    ..\\Src\\KEY\\key.c                      0x00000000   Number         0  key.o ABSOLUTE
    ..\\Src\\LCD\\lcd.c                      0x00000000   Number         0  lcd.o ABSOLUTE
    ..\\Src\system_stm32f4xx.c               0x00000000   Number         0  system_stm32f4xx.o ABSOLUTE
    cdcmple.s                                0x00000000   Number         0  cdcmple.o ABSOLUTE
    cdrcmple.s                               0x00000000   Number         0  cdrcmple.o ABSOLUTE
    dc.s                                     0x00000000   Number         0  dc.o ABSOLUTE
    handlers.s                               0x00000000   Number         0  handlers.o ABSOLUTE
    init.s                                   0x00000000   Number         0  init.o ABSOLUTE
    startup_stm32f407xx.s                    0x00000000   Number         0  startup_stm32f407xx.o ABSOLUTE
    RESET                                    0x08000000   Section      392  startup_stm32f407xx.o(RESET)
    .ARM.Collect$$$$00000000                 0x08000188   Section        0  entry.o(.ARM.Collect$$$$00000000)
    .ARM.Collect$$$$00000001                 0x08000188   Section        4  entry2.o(.ARM.Collect$$$$00000001)
    .ARM.Collect$$$$00000004                 0x0800018c   Section        4  entry5.o(.ARM.Collect$$$$00000004)
    .ARM.Collect$$$$00000008                 0x08000190   Section        0  entry7b.o(.ARM.Collect$$$$00000008)
    .ARM.Collect$$$$0000000A                 0x08000190   Section        0  entry8b.o(.ARM.Collect$$$$0000000A)
    .ARM.Collect$$$$0000000B                 0x08000190   Section        8  entry9a.o(.ARM.Collect$$$$0000000B)
    .ARM.Collect$$$$0000000D                 0x08000198   Section        0  entry10a.o(.ARM.Collect$$$$0000000D)
    .ARM.Collect$$$$0000000F                 0x08000198   Section        0  entry11a.o(.ARM.Collect$$$$0000000F)
    .ARM.Collect$$$$00002712                 0x08000198   Section        4  entry2.o(.ARM.Collect$$$$00002712)
    __lit__00000000                          0x08000198   Data           4  entry2.o(.ARM.Collect$$$$00002712)
    .text                                    0x0800019c   Section        0  key.o(.text)
    .text                                    0x08000264   Section        0  main.o(.text)
    MX_TIM3_Init                             0x08000749   Thumb Code   100  main.o(.text)
    MX_FSMC_Init                             0x080007d3   Thumb Code   144  main.o(.text)
    MX_TIM14_Init                            0x08000863   Thumb Code   112  main.o(.text)
    MX_TIM2_Init                             0x080008d3   Thumb Code   106  main.o(.text)
    MX_GPIO_Init                             0x0800093d   Thumb Code   360  main.o(.text)
    .text                                    0x08000e0c   Section        0  stm32f4xx_it.o(.text)
    .text                                    0x08000f10   Section        0  stm32f4xx_hal_msp.o(.text)
    HAL_FSMC_MspInit                         0x080010e1   Thumb Code   178  stm32f4xx_hal_msp.o(.text)
    HAL_FSMC_MspDeInit                       0x0800119d   Thumb Code    74  stm32f4xx_hal_msp.o(.text)
    .text                                    0x08001214   Section        0  lcd.o(.text)
    .text                                    0x08005b8c   Section        0  stm32f4xx_ll_fsmc.o(.text)
    .text                                    0x08005f14   Section        0  stm32f4xx_hal_sram.o(.text)
    .text                                    0x08006294   Section        0  stm32f4xx_hal_tim.o(.text)
    TIM_DMAPeriodElapsedCplt                 0x0800648f   Thumb Code    20  stm32f4xx_hal_tim.o(.text)
    TIM_OC4_SetConfig                        0x08007b5f   Thumb Code    88  stm32f4xx_hal_tim.o(.text)
    TIM_OC3_SetConfig                        0x08007bb7   Thumb Code   122  stm32f4xx_hal_tim.o(.text)
    TIM_OC1_SetConfig                        0x08007ca1   Thumb Code   102  stm32f4xx_hal_tim.o(.text)
    TIM_TI4_SetConfig                        0x08007d7b   Thumb Code    64  stm32f4xx_hal_tim.o(.text)
    TIM_TI3_SetConfig                        0x08007dbb   Thumb Code    60  stm32f4xx_hal_tim.o(.text)
    TIM_TI2_SetConfig                        0x08007df7   Thumb Code    62  stm32f4xx_hal_tim.o(.text)
    TIM_DMATriggerCplt                       0x080081d3   Thumb Code    20  stm32f4xx_hal_tim.o(.text)
    TIM_ETR_SetConfig                        0x080085f9   Thumb Code    24  stm32f4xx_hal_tim.o(.text)
    TIM_ITRx_SetConfig                       0x0800870d   Thumb Code    20  stm32f4xx_hal_tim.o(.text)
    TIM_TI1_ConfigInputStage                 0x08008721   Thumb Code    42  stm32f4xx_hal_tim.o(.text)
    TIM_TI2_ConfigInputStage                 0x0800874b   Thumb Code    44  stm32f4xx_hal_tim.o(.text)
    TIM_SlaveTimer_SetConfig                 0x080088c1   Thumb Code   164  stm32f4xx_hal_tim.o(.text)
    .text                                    0x08008a94   Section        0  stm32f4xx_hal_tim_ex.o(.text)
    TIM_CCxNChannelCmd                       0x08008d15   Thumb Code    28  stm32f4xx_hal_tim_ex.o(.text)
    .text                                    0x08009848   Section        0  stm32f4xx_hal_rcc.o(.text)
    .text                                    0x0800a134   Section        0  stm32f4xx_hal_gpio.o(.text)
    .text                                    0x0800a4e0   Section        0  stm32f4xx_hal_dma.o(.text)
    DMA_CalcBaseAndBitshift                  0x0800a4e1   Thumb Code    46  stm32f4xx_hal_dma.o(.text)
    DMA_CheckFifoParam                       0x0800a50f   Thumb Code   170  stm32f4xx_hal_dma.o(.text)
    DMA_SetConfig                            0x0800a703   Thumb Code    44  stm32f4xx_hal_dma.o(.text)
    .text                                    0x0800ad8c   Section        0  stm32f4xx_hal_cortex.o(.text)
    NVIC_SetPriority                         0x0800ad8d   Thumb Code    32  stm32f4xx_hal_cortex.o(.text)
    NVIC_GetPriorityGrouping                 0x0800b0ef   Thumb Code    12  stm32f4xx_hal_cortex.o(.text)
    .text                                    0x0800b110   Section        0  stm32f4xx_hal.o(.text)
    .text                                    0x0800b310   Section       36  startup_stm32f407xx.o(.text)
    $v0                                      0x0800b310   Number         0  startup_stm32f407xx.o(.text)
    .text                                    0x0800b334   Section        0  system_stm32f4xx.o(.text)
    .text                                    0x0800b454   Section        0  uldiv.o(.text)
    .text                                    0x0800b4b6   Section        0  dadd.o(.text)
    .text                                    0x0800b604   Section        0  dmul.o(.text)
    .text                                    0x0800b6e8   Section        0  dfltui.o(.text)
    .text                                    0x0800b702   Section        0  dfixui.o(.text)
    .text                                    0x0800b734   Section       40  cdcmple.o(.text)
    .text                                    0x0800b75c   Section       40  cdrcmple.o(.text)
    .text                                    0x0800b784   Section        0  llshl.o(.text)
    .text                                    0x0800b7a2   Section        0  llushr.o(.text)
    .text                                    0x0800b7c2   Section        0  llsshr.o(.text)
    .text                                    0x0800b7e6   Section        0  iusefp.o(.text)
    .text                                    0x0800b7e6   Section        0  depilogue.o(.text)
    .text                                    0x0800b89c   Section       36  init.o(.text)
    i.__scatterload_copy                     0x0800b8c0   Section       14  handlers.o(i.__scatterload_copy)
    i.__scatterload_null                     0x0800b8ce   Section        2  handlers.o(i.__scatterload_null)
    i.__scatterload_zeroinit                 0x0800b8d0   Section       14  handlers.o(i.__scatterload_zeroinit)
    .constdata                               0x0800b8de   Section     6080  lcd.o(.constdata)
    .constdata                               0x0800d09e   Section        8  stm32f4xx_hal_dma.o(.constdata)
    flagBitshiftOffset                       0x0800d09e   Data           8  stm32f4xx_hal_dma.o(.constdata)
    .constdata                               0x0800d0a6   Section       24  system_stm32f4xx.o(.constdata)
    .data                                    0x20000000   Section        5  key.o(.data)
    key_up                                   0x20000004   Data           1  key.o(.data)
    .data                                    0x20000008   Section      116  main.o(.data)
    .data                                    0x2000007c   Section        8  stm32f4xx_it.o(.data)
    move_flag                                0x20000080   Data           4  stm32f4xx_it.o(.data)
    .data                                    0x20000084   Section        8  stm32f4xx_hal_msp.o(.data)
    FSMC_Initialized                         0x20000084   Data           4  stm32f4xx_hal_msp.o(.data)
    FSMC_DeInitialized                       0x20000088   Data           4  stm32f4xx_hal_msp.o(.data)
    .data                                    0x2000008c   Section        4  lcd.o(.data)
    .data                                    0x20000090   Section        9  stm32f4xx_hal.o(.data)
    .data                                    0x2000009c   Section        4  system_stm32f4xx.o(.data)
    .bss                                     0x200000a0   Section      260  main.o(.bss)
    .bss                                     0x200001a4   Section       14  lcd.o(.bss)
    STACK                                    0x200001b8   Section     1024  startup_stm32f407xx.o(STACK)

    Global Symbols

    Symbol Name                              Value     Ov Type        Size  Object(Section)

    BuildAttributes$$THM_ISAv4$E$P$D$K$B$S$7EM$VFPi3$EXTD16$VFPS$VFMA$PE$A:L22UL41UL21$X:L11$S22US41US21$IEEE1$IW$USESV6$~STKCKD$USESV7$~SHL$OSPACE$ROPI$EBA8$MICROLIB$REQ8$PRES8$EABIv2 0x00000000   Number         0  anon$$obj.o ABSOLUTE
    __ARM_use_no_argv                        0x00000000   Number         0  main.o ABSOLUTE
    __cpp_initialize__aeabi_                  - Undefined Weak Reference
    __cxa_finalize                            - Undefined Weak Reference
    __decompress                              - Undefined Weak Reference
    _clock_init                               - Undefined Weak Reference
    _microlib_exit                            - Undefined Weak Reference
    __Vectors_Size                           0x00000188   Number         0  startup_stm32f407xx.o ABSOLUTE
    __Vectors                                0x08000000   Data           4  startup_stm32f407xx.o(RESET)
    __Vectors_End                            0x08000188   Data           0  startup_stm32f407xx.o(RESET)
    __main                                   0x08000189   Thumb Code     0  entry.o(.ARM.Collect$$$$00000000)
    _main_stk                                0x08000189   Thumb Code     0  entry2.o(.ARM.Collect$$$$00000001)
    _main_scatterload                        0x0800018d   Thumb Code     0  entry5.o(.ARM.Collect$$$$00000004)
    __main_after_scatterload                 0x08000191   Thumb Code     0  entry5.o(.ARM.Collect$$$$00000004)
    _main_clock                              0x08000191   Thumb Code     0  entry7b.o(.ARM.Collect$$$$00000008)
    _main_cpp_init                           0x08000191   Thumb Code     0  entry8b.o(.ARM.Collect$$$$0000000A)
    _main_init                               0x08000191   Thumb Code     0  entry9a.o(.ARM.Collect$$$$0000000B)
    __rt_final_cpp                           0x08000199   Thumb Code     0  entry10a.o(.ARM.Collect$$$$0000000D)
    __rt_final_exit                          0x08000199   Thumb Code     0  entry11a.o(.ARM.Collect$$$$0000000F)
    KEY_Scan                                 0x0800019d   Thumb Code   188  key.o(.text)
    Display                                  0x08000265   Thumb Code   416  main.o(.text)
    MOVE                                     0x08000405   Thumb Code   832  main.o(.text)
    _Error_Handler                           0x08000745   Thumb Code     4  main.o(.text)
    delay_us                                 0x080007ad   Thumb Code    38  main.o(.text)
    SystemClock_Config                       0x08000aa5   Thumb Code   306  main.o(.text)
    main                                     0x08000bd7   Thumb Code   372  main.o(.text)
    user_MX_TIM2_Init                        0x08000d4b   Thumb Code   114  main.o(.text)
    NMI_Handler                              0x08000e0d   Thumb Code     2  stm32f4xx_it.o(.text)
    HardFault_Handler                        0x08000e0f   Thumb Code     4  stm32f4xx_it.o(.text)
    MemManage_Handler                        0x08000e13   Thumb Code     4  stm32f4xx_it.o(.text)
    BusFault_Handler                         0x08000e17   Thumb Code     4  stm32f4xx_it.o(.text)
    UsageFault_Handler                       0x08000e1b   Thumb Code     4  stm32f4xx_it.o(.text)
    SVC_Handler                              0x08000e1f   Thumb Code     2  stm32f4xx_it.o(.text)
    DebugMon_Handler                         0x08000e21   Thumb Code     2  stm32f4xx_it.o(.text)
    PendSV_Handler                           0x08000e23   Thumb Code     2  stm32f4xx_it.o(.text)
    SysTick_Handler                          0x08000e25   Thumb Code    12  stm32f4xx_it.o(.text)
    TIM2_IRQHandler                          0x08000e31   Thumb Code    20  stm32f4xx_it.o(.text)
    TIM_GetITStatus                          0x08000e45   Thumb Code    34  stm32f4xx_it.o(.text)
    TIM_ClearITPendingBit                    0x08000e67   Thumb Code     8  stm32f4xx_it.o(.text)
    TIM3_IRQHandler                          0x08000e6f   Thumb Code   130  stm32f4xx_it.o(.text)
    HAL_MspInit                              0x08000f11   Thumb Code   150  stm32f4xx_hal_msp.o(.text)
    HAL_TIM_Base_MspInit                     0x08000fa7   Thumb Code   174  stm32f4xx_hal_msp.o(.text)
    HAL_TIM_MspPostInit                      0x08001055   Thumb Code    46  stm32f4xx_hal_msp.o(.text)
    HAL_TIM_Base_MspDeInit                   0x08001083   Thumb Code    94  stm32f4xx_hal_msp.o(.text)
    HAL_SRAM_MspInit                         0x08001193   Thumb Code    10  stm32f4xx_hal_msp.o(.text)
    HAL_SRAM_MspDeInit                       0x080011e7   Thumb Code    10  stm32f4xx_hal_msp.o(.text)
    LCD_WR_REG                               0x08001215   Thumb Code    18  lcd.o(.text)
    LCD_WR_DATA                              0x08001227   Thumb Code    20  lcd.o(.text)
    LCD_RD_DATA                              0x0800123b   Thumb Code    16  lcd.o(.text)
    LCD_WriteReg                             0x0800124b   Thumb Code    14  lcd.o(.text)
    LCD_ReadReg                              0x08001259   Thumb Code    22  lcd.o(.text)
    LCD_WriteRAM_Prepare                     0x0800126f   Thumb Code    10  lcd.o(.text)
    LCD_WriteRAM                             0x08001279   Thumb Code     8  lcd.o(.text)
    LCD_BGR2RGB                              0x08001281   Thumb Code    26  lcd.o(.text)
    opt_delay                                0x0800129b   Thumb Code    14  lcd.o(.text)
    LCD_SetCursor                            0x080012a9   Thumb Code   418  lcd.o(.text)
    LCD_ReadPoint                            0x0800144b   Thumb Code   360  lcd.o(.text)
    LCD_DisplayOn                            0x080015b3   Thumb Code   102  lcd.o(.text)
    LCD_DisplayOff                           0x08001619   Thumb Code    90  lcd.o(.text)
    LCD_Scan_Dir                             0x08001673   Thumb Code   744  lcd.o(.text)
    LCD_DrawPoint                            0x0800195b   Thumb Code    28  lcd.o(.text)
    LCD_Fast_DrawPoint                       0x08001977   Thumb Code   388  lcd.o(.text)
    LCD_SSD_BackLightSet                     0x08001afb   Thumb Code    88  lcd.o(.text)
    LCD_Display_Dir                          0x08001b53   Thumb Code   444  lcd.o(.text)
    LCD_Set_Window                           0x08001d0f   Thumb Code   546  lcd.o(.text)
    LCD_Clear                                0x08001f31   Thumb Code   100  lcd.o(.text)
    LCD_Init                                 0x08001f95   Thumb Code 13920  lcd.o(.text)
    LCD_Fill                                 0x080055f5   Thumb Code   180  lcd.o(.text)
    LCD_Color_Fill                           0x080056a9   Thumb Code    98  lcd.o(.text)
    LCD_DrawLine                             0x0800570b   Thumb Code   176  lcd.o(.text)
    LCD_DrawRectangle                        0x080057bb   Thumb Code    60  lcd.o(.text)
    LCD_Draw_Circle                          0x080057f7   Thumb Code   152  lcd.o(.text)
    LCD_ShowChar                             0x0800588f   Thumb Code   272  lcd.o(.text)
    LCD_Pow                                  0x0800599f   Thumb Code    22  lcd.o(.text)
    LCD_ShowNum                              0x080059b5   Thumb Code   148  lcd.o(.text)
    LCD_ShowxNum                             0x08005a49   Thumb Code   220  lcd.o(.text)
    LCD_ShowString                           0x08005b25   Thumb Code   102  lcd.o(.text)
    FSMC_NORSRAM_Init                        0x08005b8d   Thumb Code    88  stm32f4xx_ll_fsmc.o(.text)
    FSMC_NORSRAM_DeInit                      0x08005be5   Thumb Code    56  stm32f4xx_ll_fsmc.o(.text)
    FSMC_NORSRAM_Timing_Init                 0x08005c1d   Thumb Code    68  stm32f4xx_ll_fsmc.o(.text)
    FSMC_NORSRAM_Extended_Timing_Init        0x08005c61   Thumb Code    66  stm32f4xx_ll_fsmc.o(.text)
    FSMC_NORSRAM_WriteOperation_Enable       0x08005ca3   Thumb Code    18  stm32f4xx_ll_fsmc.o(.text)
    FSMC_NORSRAM_WriteOperation_Disable      0x08005cb5   Thumb Code    18  stm32f4xx_ll_fsmc.o(.text)
    FSMC_NAND_Init                           0x08005cc7   Thumb Code    70  stm32f4xx_ll_fsmc.o(.text)
    FSMC_NAND_CommonSpace_Timing_Init        0x08005d0d   Thumb Code    54  stm32f4xx_ll_fsmc.o(.text)
    FSMC_NAND_AttributeSpace_Timing_Init     0x08005d43   Thumb Code    54  stm32f4xx_ll_fsmc.o(.text)
    FSMC_NAND_DeInit                         0x08005d79   Thumb Code    66  stm32f4xx_ll_fsmc.o(.text)
    FSMC_NAND_ECC_Enable                     0x08005dbb   Thumb Code    28  stm32f4xx_ll_fsmc.o(.text)
    FSMC_NAND_ECC_Disable                    0x08005dd7   Thumb Code    28  stm32f4xx_ll_fsmc.o(.text)
    FSMC_NAND_GetECC                         0x08005df3   Thumb Code    88  stm32f4xx_ll_fsmc.o(.text)
    FSMC_PCCARD_Init                         0x08005e4b   Thumb Code    38  stm32f4xx_ll_fsmc.o(.text)
    FSMC_PCCARD_CommonSpace_Timing_Init      0x08005e71   Thumb Code    38  stm32f4xx_ll_fsmc.o(.text)
    FSMC_PCCARD_AttributeSpace_Timing_Init   0x08005e97   Thumb Code    38  stm32f4xx_ll_fsmc.o(.text)
    FSMC_PCCARD_IOSpace_Timing_Init          0x08005ebd   Thumb Code    38  stm32f4xx_ll_fsmc.o(.text)
    FSMC_PCCARD_DeInit                       0x08005ee3   Thumb Code    32  stm32f4xx_ll_fsmc.o(.text)
    HAL_SRAM_Init                            0x08005f17   Thumb Code    88  stm32f4xx_hal_sram.o(.text)
    HAL_SRAM_DeInit                          0x08005f71   Thumb Code    34  stm32f4xx_hal_sram.o(.text)
    HAL_SRAM_DMA_XferCpltCallback            0x08005f93   Thumb Code     2  stm32f4xx_hal_sram.o(.text)
    HAL_SRAM_DMA_XferErrorCallback           0x08005f95   Thumb Code     2  stm32f4xx_hal_sram.o(.text)
    HAL_SRAM_Read_8b                         0x08005f97   Thumb Code    70  stm32f4xx_hal_sram.o(.text)
    HAL_SRAM_Write_8b                        0x08005fdd   Thumb Code    82  stm32f4xx_hal_sram.o(.text)
    HAL_SRAM_Read_16b                        0x0800602f   Thumb Code    70  stm32f4xx_hal_sram.o(.text)
    HAL_SRAM_Write_16b                       0x08006075   Thumb Code    82  stm32f4xx_hal_sram.o(.text)
    HAL_SRAM_Read_32b                        0x080060c7   Thumb Code    68  stm32f4xx_hal_sram.o(.text)
    HAL_SRAM_Write_32b                       0x0800610b   Thumb Code    80  stm32f4xx_hal_sram.o(.text)
    HAL_SRAM_Read_DMA                        0x0800615b   Thumb Code    86  stm32f4xx_hal_sram.o(.text)
    HAL_SRAM_Write_DMA                       0x080061b1   Thumb Code    98  stm32f4xx_hal_sram.o(.text)
    HAL_SRAM_WriteOperation_Enable           0x08006213   Thumb Code    54  stm32f4xx_hal_sram.o(.text)
    HAL_SRAM_WriteOperation_Disable          0x08006249   Thumb Code    60  stm32f4xx_hal_sram.o(.text)
    HAL_SRAM_GetState                        0x08006285   Thumb Code     8  stm32f4xx_hal_sram.o(.text)
    TIM_Base_SetConfig                       0x08006295   Thumb Code   184  stm32f4xx_hal_tim.o(.text)
    HAL_TIM_Base_Init                        0x0800634f   Thumb Code    52  stm32f4xx_hal_tim.o(.text)
    HAL_TIM_Base_DeInit                      0x08006385   Thumb Code    70  stm32f4xx_hal_tim.o(.text)
    HAL_TIM_Base_Start                       0x080063cb   Thumb Code    30  stm32f4xx_hal_tim.o(.text)
    HAL_TIM_Base_Stop                        0x080063e9   Thumb Code    56  stm32f4xx_hal_tim.o(.text)
    HAL_TIM_Base_Start_IT                    0x08006421   Thumb Code    30  stm32f4xx_hal_tim.o(.text)
    HAL_TIM_Base_Stop_IT                     0x0800643f   Thumb Code    56  stm32f4xx_hal_tim.o(.text)
    HAL_TIM_ErrorCallback                    0x08006477   Thumb Code     2  stm32f4xx_hal_tim.o(.text)
    TIM_DMAError                             0x08006479   Thumb Code    20  stm32f4xx_hal_tim.o(.text)
    HAL_TIM_PeriodElapsedCallback            0x0800648d   Thumb Code     2  stm32f4xx_hal_tim.o(.text)
    HAL_TIM_Base_Start_DMA                   0x080064a3   Thumb Code    98  stm32f4xx_hal_tim.o(.text)
    HAL_TIM_Base_Stop_DMA                    0x08006505   Thumb Code    62  stm32f4xx_hal_tim.o(.text)
    HAL_TIM_OC_MspInit                       0x08006543   Thumb Code     2  stm32f4xx_hal_tim.o(.text)
    HAL_TIM_OC_Init                          0x08006545   Thumb Code    52  stm32f4xx_hal_tim.o(.text)
    HAL_TIM_OC_MspDeInit                     0x08006579   Thumb Code     2  stm32f4xx_hal_tim.o(.text)
    HAL_TIM_OC_DeInit                        0x0800657b   Thumb Code    70  stm32f4xx_hal_tim.o(.text)
    TIM_CCxChannelCmd                        0x080065c1   Thumb Code    28  stm32f4xx_hal_tim.o(.text)
    HAL_TIM_OC_Start                         0x080065dd   Thumb Code    68  stm32f4xx_hal_tim.o(.text)
    HAL_TIM_OC_Stop                          0x08006621   Thumb Code   170  stm32f4xx_hal_tim.o(.text)
    HAL_TIM_OC_Start_IT                      0x080066cb   Thumb Code   144  stm32f4xx_hal_tim.o(.text)
    HAL_TIM_OC_Stop_IT                       0x0800675b   Thumb Code   196  stm32f4xx_hal_tim.o(.text)
    HAL_TIM_PWM_PulseFinishedCallback        0x0800681f   Thumb Code     2  stm32f4xx_hal_tim.o(.text)
    TIM_DMADelayPulseCplt                    0x08006821   Thumb Code    70  stm32f4xx_hal_tim.o(.text)
    HAL_TIM_OC_Start_DMA                     0x08006867   Thumb Code   312  stm32f4xx_hal_tim.o(.text)
    HAL_TIM_OC_Stop_DMA                      0x0800699f   Thumb Code   202  stm32f4xx_hal_tim.o(.text)
    HAL_TIM_PWM_MspInit                      0x08006a69   Thumb Code     2  stm32f4xx_hal_tim.o(.text)
    HAL_TIM_PWM_Init                         0x08006a6b   Thumb Code    52  stm32f4xx_hal_tim.o(.text)
    HAL_TIM_PWM_MspDeInit                    0x08006a9f   Thumb Code     2  stm32f4xx_hal_tim.o(.text)
    HAL_TIM_PWM_DeInit                       0x08006aa1   Thumb Code    70  stm32f4xx_hal_tim.o(.text)
    HAL_TIM_PWM_Start                        0x08006ae7   Thumb Code    78  stm32f4xx_hal_tim.o(.text)
    HAL_TIM_PWM_Stop                         0x08006b35   Thumb Code   126  stm32f4xx_hal_tim.o(.text)
    HAL_TIM_PWM_Start_IT                     0x08006bb3   Thumb Code   144  stm32f4xx_hal_tim.o(.text)
    HAL_TIM_PWM_Stop_IT                      0x08006c43   Thumb Code   196  stm32f4xx_hal_tim.o(.text)
    HAL_TIM_PWM_Start_DMA                    0x08006d07   Thumb Code   312  stm32f4xx_hal_tim.o(.text)
    HAL_TIM_PWM_Stop_DMA                     0x08006e3f   Thumb Code   202  stm32f4xx_hal_tim.o(.text)
    HAL_TIM_IC_MspInit                       0x08006f09   Thumb Code     2  stm32f4xx_hal_tim.o(.text)
    HAL_TIM_IC_Init                          0x08006f0b   Thumb Code    62  stm32f4xx_hal_tim.o(.text)
    HAL_TIM_IC_MspDeInit                     0x08006f49   Thumb Code     2  stm32f4xx_hal_tim.o(.text)
    HAL_TIM_IC_DeInit                        0x08006f4b   Thumb Code    70  stm32f4xx_hal_tim.o(.text)
    HAL_TIM_IC_Start                         0x08006f91   Thumb Code    32  stm32f4xx_hal_tim.o(.text)
    HAL_TIM_IC_Stop                          0x08006fb1   Thumb Code    58  stm32f4xx_hal_tim.o(.text)
    HAL_TIM_IC_Start_IT                      0x08006feb   Thumb Code   108  stm32f4xx_hal_tim.o(.text)
    HAL_TIM_IC_Stop_IT                       0x08007057   Thumb Code   134  stm32f4xx_hal_tim.o(.text)
    HAL_TIM_IC_CaptureCallback               0x080070dd   Thumb Code     2  stm32f4xx_hal_tim.o(.text)
    TIM_DMACaptureCplt                       0x080070df   Thumb Code    70  stm32f4xx_hal_tim.o(.text)
    HAL_TIM_IC_Start_DMA                     0x08007125   Thumb Code   276  stm32f4xx_hal_tim.o(.text)
    HAL_TIM_IC_Stop_DMA                      0x08007239   Thumb Code   140  stm32f4xx_hal_tim.o(.text)
    HAL_TIM_OnePulse_MspInit                 0x080072c5   Thumb Code     2  stm32f4xx_hal_tim.o(.text)
    HAL_TIM_OnePulse_Init                    0x080072c7   Thumb Code    76  stm32f4xx_hal_tim.o(.text)
    HAL_TIM_OnePulse_MspDeInit               0x08007313   Thumb Code     2  stm32f4xx_hal_tim.o(.text)
    HAL_TIM_OnePulse_DeInit                  0x08007315   Thumb Code    70  stm32f4xx_hal_tim.o(.text)
    HAL_TIM_OnePulse_Start                   0x0800735b   Thumb Code    66  stm32f4xx_hal_tim.o(.text)
    HAL_TIM_OnePulse_Stop                    0x0800739d   Thumb Code   130  stm32f4xx_hal_tim.o(.text)
    HAL_TIM_OnePulse_Start_IT                0x0800741f   Thumb Code    90  stm32f4xx_hal_tim.o(.text)
    HAL_TIM_OnePulse_Stop_IT                 0x08007479   Thumb Code   154  stm32f4xx_hal_tim.o(.text)
    HAL_TIM_Encoder_MspInit                  0x08007513   Thumb Code     2  stm32f4xx_hal_tim.o(.text)
    HAL_TIM_Encoder_Init                     0x08007515   Thumb Code   180  stm32f4xx_hal_tim.o(.text)
    HAL_TIM_Encoder_MspDeInit                0x080075c9   Thumb Code     2  stm32f4xx_hal_tim.o(.text)
    HAL_TIM_Encoder_DeInit                   0x080075cb   Thumb Code    70  stm32f4xx_hal_tim.o(.text)
    HAL_TIM_Encoder_Start                    0x08007611   Thumb Code    78  stm32f4xx_hal_tim.o(.text)
    HAL_TIM_Encoder_Stop                     0x0800765f   Thumb Code   104  stm32f4xx_hal_tim.o(.text)
    HAL_TIM_Encoder_Start_IT                 0x080076c7   Thumb Code   126  stm32f4xx_hal_tim.o(.text)
    HAL_TIM_Encoder_Stop_IT                  0x08007745   Thumb Code   160  stm32f4xx_hal_tim.o(.text)
    HAL_TIM_Encoder_Start_DMA                0x080077e5   Thumb Code   328  stm32f4xx_hal_tim.o(.text)
    HAL_TIM_Encoder_Stop_DMA                 0x0800792d   Thumb Code   152  stm32f4xx_hal_tim.o(.text)
    HAL_TIM_TriggerCallback                  0x080079c5   Thumb Code     2  stm32f4xx_hal_tim.o(.text)
    HAL_TIM_OC_DelayElapsedCallback          0x080079c7   Thumb Code     2  stm32f4xx_hal_tim.o(.text)
    HAL_TIM_IRQHandler                       0x080079c9   Thumb Code   406  stm32f4xx_hal_tim.o(.text)
    TIM_OC2_SetConfig                        0x08007c31   Thumb Code   112  stm32f4xx_hal_tim.o(.text)
    HAL_TIM_OC_ConfigChannel                 0x08007d07   Thumb Code   116  stm32f4xx_hal_tim.o(.text)
    TIM_TI1_SetConfig                        0x08007e35   Thumb Code   122  stm32f4xx_hal_tim.o(.text)
    HAL_TIM_IC_ConfigChannel                 0x08007eaf   Thumb Code   224  stm32f4xx_hal_tim.o(.text)
    HAL_TIM_PWM_ConfigChannel                0x08007f8f   Thumb Code   294  stm32f4xx_hal_tim.o(.text)
    HAL_TIM_OnePulse_ConfigChannel           0x080080b5   Thumb Code   286  stm32f4xx_hal_tim.o(.text)
    HAL_TIM_DMABurst_WriteStart              0x080081e7   Thumb Code   366  stm32f4xx_hal_tim.o(.text)
    HAL_TIM_DMABurst_WriteStop               0x08008355   Thumb Code   128  stm32f4xx_hal_tim.o(.text)
    HAL_TIM_DMABurst_ReadStart               0x080083d5   Thumb Code   366  stm32f4xx_hal_tim.o(.text)
    HAL_TIM_DMABurst_ReadStop                0x08008543   Thumb Code   128  stm32f4xx_hal_tim.o(.text)
    HAL_TIM_GenerateEvent                    0x080085c3   Thumb Code    54  stm32f4xx_hal_tim.o(.text)
    HAL_TIM_ConfigOCrefClear                 0x08008611   Thumb Code   252  stm32f4xx_hal_tim.o(.text)
    HAL_TIM_ConfigClockSource                0x08008777   Thumb Code   306  stm32f4xx_hal_tim.o(.text)
    HAL_TIM_ConfigTI1Input                   0x080088a9   Thumb Code    24  stm32f4xx_hal_tim.o(.text)
    HAL_TIM_SlaveConfigSynchronization       0x08008965   Thumb Code    86  stm32f4xx_hal_tim.o(.text)
    HAL_TIM_SlaveConfigSynchronization_IT    0x080089bb   Thumb Code    86  stm32f4xx_hal_tim.o(.text)
    HAL_TIM_ReadCapturedValue                0x08008a11   Thumb Code    84  stm32f4xx_hal_tim.o(.text)
    HAL_TIM_Base_GetState                    0x08008a65   Thumb Code     8  stm32f4xx_hal_tim.o(.text)
    HAL_TIM_OC_GetState                      0x08008a6d   Thumb Code     8  stm32f4xx_hal_tim.o(.text)
    HAL_TIM_PWM_GetState                     0x08008a75   Thumb Code     8  stm32f4xx_hal_tim.o(.text)
    HAL_TIM_IC_GetState                      0x08008a7d   Thumb Code     8  stm32f4xx_hal_tim.o(.text)
    HAL_TIM_OnePulse_GetState                0x08008a85   Thumb Code     8  stm32f4xx_hal_tim.o(.text)
    HAL_TIM_Encoder_GetState                 0x08008a8d   Thumb Code     8  stm32f4xx_hal_tim.o(.text)
    HAL_TIMEx_HallSensor_MspInit             0x08008a95   Thumb Code     2  stm32f4xx_hal_tim_ex.o(.text)
    HAL_TIMEx_HallSensor_Init                0x08008a97   Thumb Code   196  stm32f4xx_hal_tim_ex.o(.text)
    HAL_TIMEx_HallSensor_MspDeInit           0x08008b5b   Thumb Code     2  stm32f4xx_hal_tim_ex.o(.text)
    HAL_TIMEx_HallSensor_DeInit              0x08008b5d   Thumb Code    70  stm32f4xx_hal_tim_ex.o(.text)
    HAL_TIMEx_HallSensor_Start               0x08008ba3   Thumb Code    30  stm32f4xx_hal_tim_ex.o(.text)
    HAL_TIMEx_HallSensor_Stop                0x08008bc1   Thumb Code    56  stm32f4xx_hal_tim_ex.o(.text)
    HAL_TIMEx_HallSensor_Start_IT            0x08008bf9   Thumb Code    42  stm32f4xx_hal_tim_ex.o(.text)
    HAL_TIMEx_HallSensor_Stop_IT             0x08008c23   Thumb Code    68  stm32f4xx_hal_tim_ex.o(.text)
    HAL_TIMEx_HallSensor_Start_DMA           0x08008c67   Thumb Code   106  stm32f4xx_hal_tim_ex.o(.text)
    HAL_TIMEx_HallSensor_Stop_DMA            0x08008cd1   Thumb Code    68  stm32f4xx_hal_tim_ex.o(.text)
    HAL_TIMEx_OCN_Start                      0x08008d31   Thumb Code    44  stm32f4xx_hal_tim_ex.o(.text)
    HAL_TIMEx_OCN_Stop                       0x08008d5d   Thumb Code    96  stm32f4xx_hal_tim_ex.o(.text)
    HAL_TIMEx_OCN_Start_IT                   0x08008dbd   Thumb Code   132  stm32f4xx_hal_tim_ex.o(.text)
    HAL_TIMEx_OCN_Stop_IT                    0x08008e41   Thumb Code   196  stm32f4xx_hal_tim_ex.o(.text)
    HAL_TIMEx_OCN_Start_DMA                  0x08008f05   Thumb Code   272  stm32f4xx_hal_tim_ex.o(.text)
    HAL_TIMEx_OCN_Stop_DMA                   0x08009015   Thumb Code   192  stm32f4xx_hal_tim_ex.o(.text)
    HAL_TIMEx_PWMN_Start                     0x080090d5   Thumb Code    44  stm32f4xx_hal_tim_ex.o(.text)
    HAL_TIMEx_PWMN_Stop                      0x08009101   Thumb Code    96  stm32f4xx_hal_tim_ex.o(.text)
    HAL_TIMEx_PWMN_Start_IT                  0x08009161   Thumb Code   132  stm32f4xx_hal_tim_ex.o(.text)
    HAL_TIMEx_PWMN_Stop_IT                   0x080091e5   Thumb Code   196  stm32f4xx_hal_tim_ex.o(.text)
    HAL_TIMEx_PWMN_Start_DMA                 0x080092a9   Thumb Code   272  stm32f4xx_hal_tim_ex.o(.text)
    HAL_TIMEx_PWMN_Stop_DMA                  0x080093b9   Thumb Code   178  stm32f4xx_hal_tim_ex.o(.text)
    HAL_TIMEx_OnePulseN_Start                0x0800946b   Thumb Code    32  stm32f4xx_hal_tim_ex.o(.text)
    HAL_TIMEx_OnePulseN_Stop                 0x0800948b   Thumb Code    96  stm32f4xx_hal_tim_ex.o(.text)
    HAL_TIMEx_OnePulseN_Start_IT             0x080094eb   Thumb Code    56  stm32f4xx_hal_tim_ex.o(.text)
    HAL_TIMEx_OnePulseN_Stop_IT              0x08009523   Thumb Code   120  stm32f4xx_hal_tim_ex.o(.text)
    HAL_TIMEx_ConfigCommutationEvent         0x0800959b   Thumb Code   110  stm32f4xx_hal_tim_ex.o(.text)
    HAL_TIMEx_ConfigCommutationEvent_IT      0x08009609   Thumb Code   122  stm32f4xx_hal_tim_ex.o(.text)
    HAL_TIMEx_CommutationCallback            0x08009683   Thumb Code     2  stm32f4xx_hal_tim_ex.o(.text)
    TIMEx_DMACommutationCplt                 0x08009685   Thumb Code    20  stm32f4xx_hal_tim_ex.o(.text)
    HAL_TIMEx_ConfigCommutationEvent_DMA     0x08009699   Thumb Code   146  stm32f4xx_hal_tim_ex.o(.text)
    HAL_TIMEx_MasterConfigSynchronization    0x0800972b   Thumb Code    98  stm32f4xx_hal_tim_ex.o(.text)
    HAL_TIMEx_ConfigBreakDeadTime            0x0800978d   Thumb Code   126  stm32f4xx_hal_tim_ex.o(.text)
    HAL_TIMEx_RemapConfig                    0x0800980b   Thumb Code    48  stm32f4xx_hal_tim_ex.o(.text)
    HAL_TIMEx_BreakCallback                  0x0800983b   Thumb Code     2  stm32f4xx_hal_tim_ex.o(.text)
    HAL_TIMEx_HallSensor_GetState            0x0800983d   Thumb Code     8  stm32f4xx_hal_tim_ex.o(.text)
    HAL_RCC_OscConfig                        0x0800984d   Thumb Code  1086  stm32f4xx_hal_rcc.o(.text)
    HAL_RCC_GetSysClockFreq                  0x08009c8b   Thumb Code   164  stm32f4xx_hal_rcc.o(.text)
    HAL_RCC_ClockConfig                      0x08009d2f   Thumb Code   388  stm32f4xx_hal_rcc.o(.text)
    HAL_RCC_MCOConfig                        0x08009eb3   Thumb Code   186  stm32f4xx_hal_rcc.o(.text)
    HAL_RCC_EnableCSS                        0x08009f6d   Thumb Code     8  stm32f4xx_hal_rcc.o(.text)
    HAL_RCC_DisableCSS                       0x08009f75   Thumb Code     8  stm32f4xx_hal_rcc.o(.text)
    HAL_RCC_GetHCLKFreq                      0x08009f7d   Thumb Code     6  stm32f4xx_hal_rcc.o(.text)
    HAL_RCC_GetPCLK1Freq                     0x08009f83   Thumb Code    24  stm32f4xx_hal_rcc.o(.text)
    HAL_RCC_GetPCLK2Freq                     0x08009f9b   Thumb Code    24  stm32f4xx_hal_rcc.o(.text)
    HAL_RCC_GetOscConfig                     0x08009fb3   Thumb Code   278  stm32f4xx_hal_rcc.o(.text)
    HAL_RCC_GetClockConfig                   0x0800a0c9   Thumb Code    66  stm32f4xx_hal_rcc.o(.text)
    HAL_RCC_CSSCallback                      0x0800a10b   Thumb Code     2  stm32f4xx_hal_rcc.o(.text)
    HAL_RCC_NMI_IRQHandler                   0x0800a10d   Thumb Code    30  stm32f4xx_hal_rcc.o(.text)
    HAL_GPIO_Init                            0x0800a135   Thumb Code   466  stm32f4xx_hal_gpio.o(.text)
    HAL_GPIO_DeInit                          0x0800a307   Thumb Code   316  stm32f4xx_hal_gpio.o(.text)
    HAL_GPIO_ReadPin                         0x0800a443   Thumb Code    16  stm32f4xx_hal_gpio.o(.text)
    HAL_GPIO_WritePin                        0x0800a453   Thumb Code    12  stm32f4xx_hal_gpio.o(.text)
    HAL_GPIO_TogglePin                       0x0800a45f   Thumb Code     8  stm32f4xx_hal_gpio.o(.text)
    HAL_GPIO_LockPin                         0x0800a467   Thumb Code    46  stm32f4xx_hal_gpio.o(.text)
    HAL_GPIO_EXTI_Callback                   0x0800a495   Thumb Code     2  stm32f4xx_hal_gpio.o(.text)
    HAL_GPIO_EXTI_IRQHandler                 0x0800a497   Thumb Code    28  stm32f4xx_hal_gpio.o(.text)
    HAL_DMA_Init                             0x0800a5b9   Thumb Code   232  stm32f4xx_hal_dma.o(.text)
    HAL_DMA_DeInit                           0x0800a6a1   Thumb Code    98  stm32f4xx_hal_dma.o(.text)
    HAL_DMA_Start                            0x0800a72f   Thumb Code   102  stm32f4xx_hal_dma.o(.text)
    HAL_DMA_Start_IT                         0x0800a795   Thumb Code   158  stm32f4xx_hal_dma.o(.text)
    HAL_DMA_Abort                            0x0800a833   Thumb Code   178  stm32f4xx_hal_dma.o(.text)
    HAL_DMA_Abort_IT                         0x0800a8e5   Thumb Code    40  stm32f4xx_hal_dma.o(.text)
    HAL_DMA_PollForTransfer                  0x0800a90d   Thumb Code   346  stm32f4xx_hal_dma.o(.text)
    HAL_DMA_IRQHandler                       0x0800aa67   Thumb Code   570  stm32f4xx_hal_dma.o(.text)
    HAL_DMA_RegisterCallback                 0x0800aca1   Thumb Code    94  stm32f4xx_hal_dma.o(.text)
    HAL_DMA_UnRegisterCallback               0x0800acff   Thumb Code   124  stm32f4xx_hal_dma.o(.text)
    HAL_DMA_GetState                         0x0800ad7b   Thumb Code     8  stm32f4xx_hal_dma.o(.text)
    HAL_DMA_GetError                         0x0800ad83   Thumb Code     6  stm32f4xx_hal_dma.o(.text)
    HAL_NVIC_SetPriorityGrouping             0x0800adad   Thumb Code    36  stm32f4xx_hal_cortex.o(.text)
    HAL_NVIC_SetPriority                     0x0800add1   Thumb Code   124  stm32f4xx_hal_cortex.o(.text)
    HAL_NVIC_EnableIRQ                       0x0800ae4d   Thumb Code    26  stm32f4xx_hal_cortex.o(.text)
    HAL_NVIC_DisableIRQ                      0x0800ae67   Thumb Code    22  stm32f4xx_hal_cortex.o(.text)
    HAL_NVIC_SystemReset                     0x0800ae7d   Thumb Code    64  stm32f4xx_hal_cortex.o(.text)
    HAL_SYSTICK_Config                       0x0800aebd   Thumb Code    52  stm32f4xx_hal_cortex.o(.text)
    HAL_MPU_Disable                          0x0800aef1   Thumb Code    42  stm32f4xx_hal_cortex.o(.text)
    HAL_MPU_Enable                           0x0800af1b   Thumb Code    60  stm32f4xx_hal_cortex.o(.text)
    HAL_MPU_ConfigRegion                     0x0800af57   Thumb Code    90  stm32f4xx_hal_cortex.o(.text)
    HAL_NVIC_GetPriorityGrouping             0x0800afb1   Thumb Code     8  stm32f4xx_hal_cortex.o(.text)
    HAL_NVIC_GetPriority                     0x0800afb9   Thumb Code   138  stm32f4xx_hal_cortex.o(.text)
    HAL_NVIC_SetPendingIRQ                   0x0800b043   Thumb Code    24  stm32f4xx_hal_cortex.o(.text)
    HAL_NVIC_GetPendingIRQ                   0x0800b05b   Thumb Code    38  stm32f4xx_hal_cortex.o(.text)
    HAL_NVIC_ClearPendingIRQ                 0x0800b081   Thumb Code    22  stm32f4xx_hal_cortex.o(.text)
    HAL_NVIC_GetActive                       0x0800b097   Thumb Code    38  stm32f4xx_hal_cortex.o(.text)
    HAL_SYSTICK_CLKSourceConfig              0x0800b0bd   Thumb Code    40  stm32f4xx_hal_cortex.o(.text)
    HAL_SYSTICK_Callback                     0x0800b0e5   Thumb Code     2  stm32f4xx_hal_cortex.o(.text)
    HAL_SYSTICK_IRQHandler                   0x0800b0e7   Thumb Code     8  stm32f4xx_hal_cortex.o(.text)
    HAL_InitTick                             0x0800b113   Thumb Code    64  stm32f4xx_hal.o(.text)
    HAL_Init                                 0x0800b153   Thumb Code    54  stm32f4xx_hal.o(.text)
    HAL_MspDeInit                            0x0800b189   Thumb Code     2  stm32f4xx_hal.o(.text)
    HAL_DeInit                               0x0800b18b   Thumb Code    64  stm32f4xx_hal.o(.text)
    HAL_IncTick                              0x0800b1cb   Thumb Code    16  stm32f4xx_hal.o(.text)
    HAL_GetTick                              0x0800b1db   Thumb Code     6  stm32f4xx_hal.o(.text)
    HAL_GetTickPrio                          0x0800b1e1   Thumb Code     6  stm32f4xx_hal.o(.text)
    HAL_SetTickFreq                          0x0800b1e7   Thumb Code    32  stm32f4xx_hal.o(.text)
    HAL_GetTickFreq                          0x0800b207   Thumb Code     6  stm32f4xx_hal.o(.text)
    HAL_Delay                                0x0800b20d   Thumb Code    36  stm32f4xx_hal.o(.text)
    HAL_SuspendTick                          0x0800b231   Thumb Code    18  stm32f4xx_hal.o(.text)
    HAL_ResumeTick                           0x0800b243   Thumb Code    18  stm32f4xx_hal.o(.text)
    HAL_GetHalVersion                        0x0800b255   Thumb Code     4  stm32f4xx_hal.o(.text)
    HAL_GetREVID                             0x0800b259   Thumb Code     8  stm32f4xx_hal.o(.text)
    HAL_GetDEVID                             0x0800b261   Thumb Code    10  stm32f4xx_hal.o(.text)
    HAL_DBGMCU_EnableDBGSleepMode            0x0800b26b   Thumb Code    14  stm32f4xx_hal.o(.text)
    HAL_DBGMCU_DisableDBGSleepMode           0x0800b279   Thumb Code    14  stm32f4xx_hal.o(.text)
    HAL_DBGMCU_EnableDBGStopMode             0x0800b287   Thumb Code    14  stm32f4xx_hal.o(.text)
    HAL_DBGMCU_DisableDBGStopMode            0x0800b295   Thumb Code    14  stm32f4xx_hal.o(.text)
    HAL_DBGMCU_EnableDBGStandbyMode          0x0800b2a3   Thumb Code    14  stm32f4xx_hal.o(.text)
    HAL_DBGMCU_DisableDBGStandbyMode         0x0800b2b1   Thumb Code    14  stm32f4xx_hal.o(.text)
    HAL_EnableCompensationCell               0x0800b2bf   Thumb Code     8  stm32f4xx_hal.o(.text)
    HAL_DisableCompensationCell              0x0800b2c7   Thumb Code     8  stm32f4xx_hal.o(.text)
    HAL_GetUID                               0x0800b2cf   Thumb Code    24  stm32f4xx_hal.o(.text)
    Reset_Handler                            0x0800b311   Thumb Code     8  startup_stm32f407xx.o(.text)
    ADC_IRQHandler                           0x0800b32b   Thumb Code     0  startup_stm32f407xx.o(.text)
    CAN1_RX0_IRQHandler                      0x0800b32b   Thumb Code     0  startup_stm32f407xx.o(.text)
    CAN1_RX1_IRQHandler                      0x0800b32b   Thumb Code     0  startup_stm32f407xx.o(.text)
    CAN1_SCE_IRQHandler                      0x0800b32b   Thumb Code     0  startup_stm32f407xx.o(.text)
    CAN1_TX_IRQHandler                       0x0800b32b   Thumb Code     0  startup_stm32f407xx.o(.text)
    CAN2_RX0_IRQHandler                      0x0800b32b   Thumb Code     0  startup_stm32f407xx.o(.text)
    CAN2_RX1_IRQHandler                      0x0800b32b   Thumb Code     0  startup_stm32f407xx.o(.text)
    CAN2_SCE_IRQHandler                      0x0800b32b   Thumb Code     0  startup_stm32f407xx.o(.text)
    CAN2_TX_IRQHandler                       0x0800b32b   Thumb Code     0  startup_stm32f407xx.o(.text)
    DCMI_IRQHandler                          0x0800b32b   Thumb Code     0  startup_stm32f407xx.o(.text)
    DMA1_Stream0_IRQHandler                  0x0800b32b   Thumb Code     0  startup_stm32f407xx.o(.text)
    DMA1_Stream1_IRQHandler                  0x0800b32b   Thumb Code     0  startup_stm32f407xx.o(.text)
    DMA1_Stream2_IRQHandler                  0x0800b32b   Thumb Code     0  startup_stm32f407xx.o(.text)
    DMA1_Stream3_IRQHandler                  0x0800b32b   Thumb Code     0  startup_stm32f407xx.o(.text)
    DMA1_Stream4_IRQHandler                  0x0800b32b   Thumb Code     0  startup_stm32f407xx.o(.text)
    DMA1_Stream5_IRQHandler                  0x0800b32b   Thumb Code     0  startup_stm32f407xx.o(.text)
    DMA1_Stream6_IRQHandler                  0x0800b32b   Thumb Code     0  startup_stm32f407xx.o(.text)
    DMA1_Stream7_IRQHandler                  0x0800b32b   Thumb Code     0  startup_stm32f407xx.o(.text)
    DMA2_Stream0_IRQHandler                  0x0800b32b   Thumb Code     0  startup_stm32f407xx.o(.text)
    DMA2_Stream1_IRQHandler                  0x0800b32b   Thumb Code     0  startup_stm32f407xx.o(.text)
    DMA2_Stream2_IRQHandler                  0x0800b32b   Thumb Code     0  startup_stm32f407xx.o(.text)
    DMA2_Stream3_IRQHandler                  0x0800b32b   Thumb Code     0  startup_stm32f407xx.o(.text)
    DMA2_Stream4_IRQHandler                  0x0800b32b   Thumb Code     0  startup_stm32f407xx.o(.text)
    DMA2_Stream5_IRQHandler                  0x0800b32b   Thumb Code     0  startup_stm32f407xx.o(.text)
    DMA2_Stream6_IRQHandler                  0x0800b32b   Thumb Code     0  startup_stm32f407xx.o(.text)
    DMA2_Stream7_IRQHandler                  0x0800b32b   Thumb Code     0  startup_stm32f407xx.o(.text)
    ETH_IRQHandler                           0x0800b32b   Thumb Code     0  startup_stm32f407xx.o(.text)
    ETH_WKUP_IRQHandler                      0x0800b32b   Thumb Code     0  startup_stm32f407xx.o(.text)
    EXTI0_IRQHandler                         0x0800b32b   Thumb Code     0  startup_stm32f407xx.o(.text)
    EXTI15_10_IRQHandler                     0x0800b32b   Thumb Code     0  startup_stm32f407xx.o(.text)
    EXTI1_IRQHandler                         0x0800b32b   Thumb Code     0  startup_stm32f407xx.o(.text)
    EXTI2_IRQHandler                         0x0800b32b   Thumb Code     0  startup_stm32f407xx.o(.text)
    EXTI3_IRQHandler                         0x0800b32b   Thumb Code     0  startup_stm32f407xx.o(.text)
    EXTI4_IRQHandler                         0x0800b32b   Thumb Code     0  startup_stm32f407xx.o(.text)
    EXTI9_5_IRQHandler                       0x0800b32b   Thumb Code     0  startup_stm32f407xx.o(.text)
    FLASH_IRQHandler                         0x0800b32b   Thumb Code     0  startup_stm32f407xx.o(.text)
    FMC_IRQHandler                           0x0800b32b   Thumb Code     0  startup_stm32f407xx.o(.text)
    FPU_IRQHandler                           0x0800b32b   Thumb Code     0  startup_stm32f407xx.o(.text)
    HASH_RNG_IRQHandler                      0x0800b32b   Thumb Code     0  startup_stm32f407xx.o(.text)
    I2C1_ER_IRQHandler                       0x0800b32b   Thumb Code     0  startup_stm32f407xx.o(.text)
    I2C1_EV_IRQHandler                       0x0800b32b   Thumb Code     0  startup_stm32f407xx.o(.text)
    I2C2_ER_IRQHandler                       0x0800b32b   Thumb Code     0  startup_stm32f407xx.o(.text)
    I2C2_EV_IRQHandler                       0x0800b32b   Thumb Code     0  startup_stm32f407xx.o(.text)
    I2C3_ER_IRQHandler                       0x0800b32b   Thumb Code     0  startup_stm32f407xx.o(.text)
    I2C3_EV_IRQHandler                       0x0800b32b   Thumb Code     0  startup_stm32f407xx.o(.text)
    OTG_FS_IRQHandler                        0x0800b32b   Thumb Code     0  startup_stm32f407xx.o(.text)
    OTG_FS_WKUP_IRQHandler                   0x0800b32b   Thumb Code     0  startup_stm32f407xx.o(.text)
    OTG_HS_EP1_IN_IRQHandler                 0x0800b32b   Thumb Code     0  startup_stm32f407xx.o(.text)
    OTG_HS_EP1_OUT_IRQHandler                0x0800b32b   Thumb Code     0  startup_stm32f407xx.o(.text)
    OTG_HS_IRQHandler                        0x0800b32b   Thumb Code     0  startup_stm32f407xx.o(.text)
    OTG_HS_WKUP_IRQHandler                   0x0800b32b   Thumb Code     0  startup_stm32f407xx.o(.text)
    PVD_IRQHandler                           0x0800b32b   Thumb Code     0  startup_stm32f407xx.o(.text)
    RCC_IRQHandler                           0x0800b32b   Thumb Code     0  startup_stm32f407xx.o(.text)
    RTC_Alarm_IRQHandler                     0x0800b32b   Thumb Code     0  startup_stm32f407xx.o(.text)
    RTC_WKUP_IRQHandler                      0x0800b32b   Thumb Code     0  startup_stm32f407xx.o(.text)
    SDIO_IRQHandler                          0x0800b32b   Thumb Code     0  startup_stm32f407xx.o(.text)
    SPI1_IRQHandler                          0x0800b32b   Thumb Code     0  startup_stm32f407xx.o(.text)
    SPI2_IRQHandler                          0x0800b32b   Thumb Code     0  startup_stm32f407xx.o(.text)
    SPI3_IRQHandler                          0x0800b32b   Thumb Code     0  startup_stm32f407xx.o(.text)
    TAMP_STAMP_IRQHandler                    0x0800b32b   Thumb Code     0  startup_stm32f407xx.o(.text)
    TIM1_BRK_TIM9_IRQHandler                 0x0800b32b   Thumb Code     0  startup_stm32f407xx.o(.text)
    TIM1_CC_IRQHandler                       0x0800b32b   Thumb Code     0  startup_stm32f407xx.o(.text)
    TIM1_TRG_COM_TIM11_IRQHandler            0x0800b32b   Thumb Code     0  startup_stm32f407xx.o(.text)
    TIM1_UP_TIM10_IRQHandler                 0x0800b32b   Thumb Code     0  startup_stm32f407xx.o(.text)
    TIM4_IRQHandler                          0x0800b32b   Thumb Code     0  startup_stm32f407xx.o(.text)
    TIM5_IRQHandler                          0x0800b32b   Thumb Code     0  startup_stm32f407xx.o(.text)
    TIM6_DAC_IRQHandler                      0x0800b32b   Thumb Code     0  startup_stm32f407xx.o(.text)
    TIM7_IRQHandler                          0x0800b32b   Thumb Code     0  startup_stm32f407xx.o(.text)
    TIM8_BRK_TIM12_IRQHandler                0x0800b32b   Thumb Code     0  startup_stm32f407xx.o(.text)
    TIM8_CC_IRQHandler                       0x0800b32b   Thumb Code     0  startup_stm32f407xx.o(.text)
    TIM8_TRG_COM_TIM14_IRQHandler            0x0800b32b   Thumb Code     0  startup_stm32f407xx.o(.text)
    TIM8_UP_TIM13_IRQHandler                 0x0800b32b   Thumb Code     0  startup_stm32f407xx.o(.text)
    UART4_IRQHandler                         0x0800b32b   Thumb Code     0  startup_stm32f407xx.o(.text)
    UART5_IRQHandler                         0x0800b32b   Thumb Code     0  startup_stm32f407xx.o(.text)
    USART1_IRQHandler                        0x0800b32b   Thumb Code     0  startup_stm32f407xx.o(.text)
    USART2_IRQHandler                        0x0800b32b   Thumb Code     0  startup_stm32f407xx.o(.text)
    USART3_IRQHandler                        0x0800b32b   Thumb Code     0  startup_stm32f407xx.o(.text)
    USART6_IRQHandler                        0x0800b32b   Thumb Code     0  startup_stm32f407xx.o(.text)
    WWDG_IRQHandler                          0x0800b32b   Thumb Code     0  startup_stm32f407xx.o(.text)
    SystemInit                               0x0800b335   Thumb Code    82  system_stm32f4xx.o(.text)
    SystemCoreClockUpdate                    0x0800b387   Thumb Code   174  system_stm32f4xx.o(.text)
    __aeabi_uldivmod                         0x0800b455   Thumb Code    98  uldiv.o(.text)
    __aeabi_dadd                             0x0800b4b7   Thumb Code   322  dadd.o(.text)
    __aeabi_dsub                             0x0800b5f9   Thumb Code     6  dadd.o(.text)
    __aeabi_drsub                            0x0800b5ff   Thumb Code     6  dadd.o(.text)
    __aeabi_dmul                             0x0800b605   Thumb Code   228  dmul.o(.text)
    __aeabi_ui2d                             0x0800b6e9   Thumb Code    26  dfltui.o(.text)
    __aeabi_d2uiz                            0x0800b703   Thumb Code    50  dfixui.o(.text)
    __aeabi_cdcmpeq                          0x0800b735   Thumb Code     0  cdcmple.o(.text)
    __aeabi_cdcmple                          0x0800b735   Thumb Code    38  cdcmple.o(.text)
    __aeabi_cdrcmple                         0x0800b75d   Thumb Code    38  cdrcmple.o(.text)
    __aeabi_llsl                             0x0800b785   Thumb Code    30  llshl.o(.text)
    _ll_shift_l                              0x0800b785   Thumb Code     0  llshl.o(.text)
    __aeabi_llsr                             0x0800b7a3   Thumb Code    32  llushr.o(.text)
    _ll_ushift_r                             0x0800b7a3   Thumb Code     0  llushr.o(.text)
    __aeabi_lasr                             0x0800b7c3   Thumb Code    36  llsshr.o(.text)
    _ll_sshift_r                             0x0800b7c3   Thumb Code     0  llsshr.o(.text)
    __I$use$fp                               0x0800b7e7   Thumb Code     0  iusefp.o(.text)
    _double_round                            0x0800b7e7   Thumb Code    26  depilogue.o(.text)
    _double_epilogue                         0x0800b801   Thumb Code   156  depilogue.o(.text)
    __scatterload                            0x0800b89d   Thumb Code    28  init.o(.text)
    __scatterload_rt2                        0x0800b89d   Thumb Code     0  init.o(.text)
    __scatterload_copy                       0x0800b8c1   Thumb Code    14  handlers.o(i.__scatterload_copy)
    __scatterload_null                       0x0800b8cf   Thumb Code     2  handlers.o(i.__scatterload_null)
    __scatterload_zeroinit                   0x0800b8d1   Thumb Code    14  handlers.o(i.__scatterload_zeroinit)
    asc2_1206                                0x0800b8de   Data        1140  lcd.o(.constdata)
    asc2_1608                                0x0800bd52   Data        1520  lcd.o(.constdata)
    asc2_2412                                0x0800c342   Data        3420  lcd.o(.constdata)
    AHBPrescTable                            0x0800d0a6   Data          16  system_stm32f4xx.o(.constdata)
    APBPrescTable                            0x0800d0b6   Data           8  system_stm32f4xx.o(.constdata)
    Region$$Table$$Base                      0x0800d0c0   Number         0  anon$$obj.o(Region$$Table)
    Region$$Table$$Limit                     0x0800d0e0   Number         0  anon$$obj.o(Region$$Table)
    keyInterval                              0x20000000   Data           4  key.o(.data)
    LightFlag                                0x20000008   Data           1  main.o(.data)
    DisableExit4                             0x20000009   Data           1  main.o(.data)
    DelayDatIt                               0x2000000c   Data           4  main.o(.data)
    IntervalFlash                            0x20000010   Data           4  main.o(.data)
    TIMBEEP                                  0x20000014   Data           4  main.o(.data)
    keyFlag                                  0x20000018   Data           4  main.o(.data)
    Ball_X                                   0x20000020   Data           8  main.o(.data)
    Ball_Y                                   0x20000028   Data           8  main.o(.data)
    DirectionFlag                            0x20000030   Data           4  main.o(.data)
    speed                                    0x20000038   Data           8  main.o(.data)
    lastBall_X                               0x20000040   Data           8  main.o(.data)
    lastBall_Y                               0x20000048   Data           8  main.o(.data)
    Line_X                                   0x20000050   Data           8  main.o(.data)
    Line_Y                                   0x20000058   Data           8  main.o(.data)
    Line_Width                               0x20000060   Data           8  main.o(.data)
    lastLine_X                               0x20000068   Data           8  main.o(.data)
    lastLine_Y                               0x20000070   Data           8  main.o(.data)
    show_Flag                                0x20000078   Data           4  main.o(.data)
    DelayFlag                                0x2000007c   Data           4  stm32f4xx_it.o(.data)
    POINT_COLOR                              0x2000008c   Data           2  lcd.o(.data)
    BACK_COLOR                               0x2000008e   Data           2  lcd.o(.data)
    uwTick                                   0x20000090   Data           4  stm32f4xx_hal.o(.data)
    uwTickPrio                               0x20000094   Data           4  stm32f4xx_hal.o(.data)
    uwTickFreq                               0x20000098   Data           1  stm32f4xx_hal.o(.data)
    SystemCoreClock                          0x2000009c   Data           4  system_stm32f4xx.o(.data)
    htim2                                    0x200000a0   Data          60  main.o(.bss)
    htim3                                    0x200000dc   Data          60  main.o(.bss)
    htim14                                   0x20000118   Data          60  main.o(.bss)
    hsram1                                   0x20000154   Data          80  main.o(.bss)
    lcddev                                   0x200001a4   Data          14  lcd.o(.bss)
    __initial_sp                             0x200005b8   Data           0  startup_stm32f407xx.o(STACK)



==============================================================================

Memory Map of the image

  Image Entry point : 0x08000189

  Load Region LR_IROM1 (Base: 0x08000000, Size: 0x0000d180, Max: 0x00100000, ABSOLUTE)

    Execution Region ER_IROM1 (Base: 0x08000000, Size: 0x0000d0e0, Max: 0x00100000, ABSOLUTE)

    Base Addr    Size         Type   Attr      Idx    E Section Name        Object

    0x08000000   0x00000188   Data   RO          656    RESET               startup_stm32f407xx.o
    0x08000188   0x00000000   Code   RO          692  * .ARM.Collect$$$$00000000  mc_w.l(entry.o)
    0x08000188   0x00000004   Code   RO          709    .ARM.Collect$$$$00000001  mc_w.l(entry2.o)
    0x0800018c   0x00000004   Code   RO          712    .ARM.Collect$$$$00000004  mc_w.l(entry5.o)
    0x08000190   0x00000000   Code   RO          714    .ARM.Collect$$$$00000008  mc_w.l(entry7b.o)
    0x08000190   0x00000000   Code   RO          716    .ARM.Collect$$$$0000000A  mc_w.l(entry8b.o)
    0x08000190   0x00000008   Code   RO          717    .ARM.Collect$$$$0000000B  mc_w.l(entry9a.o)
    0x08000198   0x00000000   Code   RO          719    .ARM.Collect$$$$0000000D  mc_w.l(entry10a.o)
    0x08000198   0x00000000   Code   RO          721    .ARM.Collect$$$$0000000F  mc_w.l(entry11a.o)
    0x08000198   0x00000004   Code   RO          710    .ARM.Collect$$$$00002712  mc_w.l(entry2.o)
    0x0800019c   0x000000c8   Code   RO            4    .text               key.o
    0x08000264   0x00000ba8   Code   RO          133    .text               main.o
    0x08000e0c   0x00000104   Code   RO          168    .text               stm32f4xx_it.o
    0x08000f10   0x00000304   Code   RO          199    .text               stm32f4xx_hal_msp.o
    0x08001214   0x00004976   Code   RO          225    .text               lcd.o
    0x08005b8a   0x00000002   PAD
    0x08005b8c   0x00000388   Code   RO          267    .text               stm32f4xx_ll_fsmc.o
    0x08005f14   0x00000380   Code   RO          291    .text               stm32f4xx_hal_sram.o
    0x08006294   0x00002800   Code   RO          315    .text               stm32f4xx_hal_tim.o
    0x08008a94   0x00000db4   Code   RO          339    .text               stm32f4xx_hal_tim_ex.o
    0x08009848   0x000008ec   Code   RO          363    .text               stm32f4xx_hal_rcc.o
    0x0800a134   0x000003ac   Code   RO          481    .text               stm32f4xx_hal_gpio.o
    0x0800a4e0   0x000008ac   Code   RO          529    .text               stm32f4xx_hal_dma.o
    0x0800ad8c   0x00000384   Code   RO          602    .text               stm32f4xx_hal_cortex.o
    0x0800b110   0x00000200   Code   RO          630    .text               stm32f4xx_hal.o
    0x0800b310   0x00000024   Code   RO          657    .text               startup_stm32f407xx.o
    0x0800b334   0x00000120   Code   RO          664    .text               system_stm32f4xx.o
    0x0800b454   0x00000062   Code   RO          695    .text               mc_w.l(uldiv.o)
    0x0800b4b6   0x0000014e   Code   RO          697    .text               mf_w.l(dadd.o)
    0x0800b604   0x000000e4   Code   RO          699    .text               mf_w.l(dmul.o)
    0x0800b6e8   0x0000001a   Code   RO          701    .text               mf_w.l(dfltui.o)
    0x0800b702   0x00000032   Code   RO          703    .text               mf_w.l(dfixui.o)
    0x0800b734   0x00000028   Code   RO          705    .text               mf_w.l(cdcmple.o)
    0x0800b75c   0x00000028   Code   RO          707    .text               mf_w.l(cdrcmple.o)
    0x0800b784   0x0000001e   Code   RO          723    .text               mc_w.l(llshl.o)
    0x0800b7a2   0x00000020   Code   RO          725    .text               mc_w.l(llushr.o)
    0x0800b7c2   0x00000024   Code   RO          727    .text               mc_w.l(llsshr.o)
    0x0800b7e6   0x00000000   Code   RO          729    .text               mc_w.l(iusefp.o)
    0x0800b7e6   0x000000b6   Code   RO          730    .text               mf_w.l(depilogue.o)
    0x0800b89c   0x00000024   Code   RO          732    .text               mc_w.l(init.o)
    0x0800b8c0   0x0000000e   Code   RO          736    i.__scatterload_copy  mc_w.l(handlers.o)
    0x0800b8ce   0x00000002   Code   RO          737    i.__scatterload_null  mc_w.l(handlers.o)
    0x0800b8d0   0x0000000e   Code   RO          738    i.__scatterload_zeroinit  mc_w.l(handlers.o)
    0x0800b8de   0x000017c0   Data   RO          227    .constdata          lcd.o
    0x0800d09e   0x00000008   Data   RO          530    .constdata          stm32f4xx_hal_dma.o
    0x0800d0a6   0x00000018   Data   RO          665    .constdata          system_stm32f4xx.o
    0x0800d0be   0x00000002   PAD
    0x0800d0c0   0x00000020   Data   RO          734    Region$$Table       anon$$obj.o


    Execution Region RW_IRAM1 (Base: 0x20000000, Size: 0x000005b8, Max: 0x00020000, ABSOLUTE)

    Base Addr    Size         Type   Attr      Idx    E Section Name        Object

    0x20000000   0x00000005   Data   RW            5    .data               key.o
    0x20000005   0x00000003   PAD
    0x20000008   0x00000074   Data   RW          135    .data               main.o
    0x2000007c   0x00000008   Data   RW          169    .data               stm32f4xx_it.o
    0x20000084   0x00000008   Data   RW          200    .data               stm32f4xx_hal_msp.o
    0x2000008c   0x00000004   Data   RW          228    .data               lcd.o
    0x20000090   0x00000009   Data   RW          631    .data               stm32f4xx_hal.o
    0x20000099   0x00000003   PAD
    0x2000009c   0x00000004   Data   RW          666    .data               system_stm32f4xx.o
    0x200000a0   0x00000104   Zero   RW          134    .bss                main.o
    0x200001a4   0x0000000e   Zero   RW          226    .bss                lcd.o
    0x200001b2   0x00000006   PAD
    0x200001b8   0x00000400   Zero   RW          654    STACK               startup_stm32f407xx.o


==============================================================================

Image component sizes


      Code (inc. data)   RO Data    RW Data    ZI Data      Debug   Object Name

       200         12          0          5          0     690893   key.o
     18806        126       6080          4         14      21334   lcd.o
      2984        272          0        116        260       5466   main.o
        36          8        392          0       1024        816   startup_stm32f407xx.o
       512         42          0          9          0       5728   stm32f4xx_hal.o
       900         22          0          0          0      32442   stm32f4xx_hal_cortex.o
      2220         26          8          0          0       6933   stm32f4xx_hal_dma.o
       940         46          0          0          0       3591   stm32f4xx_hal_gpio.o
       772         36          0          8          0       2806   stm32f4xx_hal_msp.o
      2284         66          0          0          0       5279   stm32f4xx_hal_rcc.o
       896          8          0          0          0       6204   stm32f4xx_hal_sram.o
     10240        152          0          0          0      30930   stm32f4xx_hal_tim.o
      3508         24          0          0          0      11822   stm32f4xx_hal_tim_ex.o
       260         32          0          8          0       3368   stm32f4xx_it.o
       904         18          0          0          0       6312   stm32f4xx_ll_fsmc.o
       288         32         24          4          0       1605   system_stm32f4xx.o

    ----------------------------------------------------------------------
     45752        922       6538        160       1304     835529   Object Totals
         0          0         32          0          0          0   (incl. Generated)
         2          0          2          6          6          0   (incl. Padding)

    ----------------------------------------------------------------------

      Code (inc. data)   RO Data    RW Data    ZI Data      Debug   Library Member Name

         0          0          0          0          0          0   entry.o
         0          0          0          0          0          0   entry10a.o
         0          0          0          0          0          0   entry11a.o
         8          4          0          0          0          0   entry2.o
         4          0          0          0          0          0   entry5.o
         0          0          0          0          0          0   entry7b.o
         0          0          0          0          0          0   entry8b.o
         8          4          0          0          0          0   entry9a.o
        30          0          0          0          0          0   handlers.o
        36          8          0          0          0         68   init.o
         0          0          0          0          0          0   iusefp.o
        30          0          0          0          0         68   llshl.o
        36          0          0          0          0         68   llsshr.o
        32          0          0          0          0         68   llushr.o
        98          0          0          0          0         92   uldiv.o
        40          2          0          0          0         68   cdcmple.o
        40          2          0          0          0         68   cdrcmple.o
       334          0          0          0          0        148   dadd.o
       182          0          0          0          0        176   depilogue.o
        50          0          0          0          0         76   dfixui.o
        26          0          0          0          0         76   dfltui.o
       228          0          0          0          0         96   dmul.o

    ----------------------------------------------------------------------
      1182         20          0          0          0       1072   Library Totals
         0          0          0          0          0          0   (incl. Padding)

    ----------------------------------------------------------------------

      Code (inc. data)   RO Data    RW Data    ZI Data      Debug   Library Name

       282         16          0          0          0        364   mc_w.l
       900          4          0          0          0        708   mf_w.l

    ----------------------------------------------------------------------
      1182         20          0          0          0       1072   Library Totals

    ----------------------------------------------------------------------

==============================================================================


      Code (inc. data)   RO Data    RW Data    ZI Data      Debug   

     46934        942       6538        160       1304     832185   Grand Totals
     46934        942       6538        160       1304     832185   ELF Image Totals
     46934        942       6538        160          0          0   ROM Totals

==============================================================================

    Total RO  Size (Code + RO Data)                53472 (  52.22kB)
    Total RW  Size (RW Data + ZI Data)              1464 (   1.43kB)
    Total ROM Size (Code + RO Data + RW Data)      53632 (  52.38kB)

==============================================================================

