<html>
<body>
<pre>
<h1>µVision Build Log</h1>
<h2>Project:</h2>
C:\Users\luyinan\Desktop\LCDÒÆÖ²CubeMX\gpioDemo\MDK-ARM\gpioDemo.uvproj
Project File Date:  12/04/2018

<h2>Output:</h2>
Rebuild target 'gpioDemo'
compiling key.c...
compiling main.c...
../Src/main.c(166): warning:  #177-D: variable "Flashflag" was declared but never referenced
      unsigned char Flashflag=0,Keydat=0;
../Src/main.c(166): warning:  #177-D: variable "Keydat" was declared but never referenced
      unsigned char Flashflag=0,Keydat=0;
../Src/main.c: 2 warnings, 0 errors
compiling stm32f4xx_it.c...
../Src/stm32f4xx_it.c(262): warning:  #223-D: function "MOVE" declared implicitly
                        if(move_flag==100){move_flag=0;  MOVE();}
../Src/stm32f4xx_it.c: 1 warning, 0 errors
compiling stm32f4xx_hal_msp.c...
compiling lcd.c...
compiling stm32f4xx_ll_fsmc.c...
compiling stm32f4xx_hal_sram.c...
compiling stm32f4xx_hal_tim.c...
compiling stm32f4xx_hal_tim_ex.c...
compiling stm32f4xx_hal_rcc.c...
compiling stm32f4xx_hal_rcc_ex.c...
compiling stm32f4xx_hal_flash.c...
compiling stm32f4xx_hal_flash_ex.c...
compiling stm32f4xx_hal_flash_ramfunc.c...
compiling stm32f4xx_hal_gpio.c...
compiling stm32f4xx_hal_dma_ex.c...
compiling stm32f4xx_hal_dma.c...
compiling stm32f4xx_hal_pwr.c...
compiling stm32f4xx_hal_pwr_ex.c...
compiling stm32f4xx_hal_cortex.c...
compiling stm32f4xx_hal.c...
assembling startup_stm32f407xx.s...
compiling system_stm32f4xx.c...
linking...
Program Size: Code=46934 RO-data=6538 RW-data=160 ZI-data=1304  
FromELF: creating hex file...
"gpioDemo\gpioDemo.axf" - 0 Error(s), 3 Warning(s).
Load "gpioDemo\\gpioDemo.axf" 
Set JLink Project File to "C:\Users\luyinan\Desktop\LCDÒÆÖ²CubeMX\gpioDemo\MDK-ARM\JLinkSettings.ini"
* JLink Info: Device "STM32F407ZG" selected (1024 KB flash, 128 KB RAM).
 
JLink info:
------------
DLL: V4.80g, compiled Feb 13 2014 20:50:02
Firmware: J-Link ARM V8 compiled Nov 28 2014 13:44:46
Hardware: V8.00
S/N : 17935099 
Feature(s) : RDI,FlashDL,FlashBP,JFlash 
 
* JLink Info: Found SWD-DP with ID 0x2BA01477
* JLink Info: Found SWD-DP with ID 0x2BA01477
* JLink Info: Found Cortex-M4 r0p1, Little endian.
* JLink Info: FPUnit: 6 code (BP) slots and 2 literal slots
* JLink Info: TPIU fitted.
* JLink Info: ETM fitted.
ROMTableAddr = 0xE00FF003
 
Target info:
------------
Device: STM32F407ZG
VTarget = 3.274V
State of Pins: 
TCK: 0, TDI: 1, TDO: 1, TMS: 1, TRES: 1, TRST: 1
Hardware-Breakpoints: 6
Software-Breakpoints: 8192
Watchpoints:          4
JTAG speed: 2000 kHz
 
Erase Done.
Programming Done.
Verify OK.
</pre>
</body>
</html>
